Archive member included to satisfy reference by file (symbol)

/usr/bin/../lib/gcc/arm-none-eabi/13.3.1/thumb/v6-m/nofp/libgcc.a(_dvmd_tls.o)
                              CMakeFiles/stackcalcpi.dir/home/max/projects/pico/pico-sdk/src/rp2_common/pico_divider/divider.S.obj (__aeabi_idiv0)
/usr/bin/../lib/gcc/arm-none-eabi/13.3.1/../../../../arm-none-eabi/lib/thumb/v6-m/nofp/libg.a(libc_a-strlen-stub.o)
                              CMakeFiles/stackcalcpi.dir/home/max/projects/pico/pico-sdk/src/rp2_common/pico_stdio/stdio.c.obj (strlen)
/usr/bin/../lib/gcc/arm-none-eabi/13.3.1/../../../../arm-none-eabi/lib/thumb/v6-m/nofp/libg.a(libc_a-malloc.o)
                              CMakeFiles/stackcalcpi.dir/home/max/projects/pico/pico-sdk/src/rp2_common/pico_malloc/pico_malloc.c.obj (malloc)
/usr/bin/../lib/gcc/arm-none-eabi/13.3.1/../../../../arm-none-eabi/lib/thumb/v6-m/nofp/libg.a(libc_a-mallocr.o)
                              /usr/bin/../lib/gcc/arm-none-eabi/13.3.1/../../../../arm-none-eabi/lib/thumb/v6-m/nofp/libg.a(libc_a-malloc.o) (_malloc_r)
/usr/bin/../lib/gcc/arm-none-eabi/13.3.1/../../../../arm-none-eabi/lib/thumb/v6-m/nofp/libg.a(libc_a-sbrkr.o)
                              /usr/bin/../lib/gcc/arm-none-eabi/13.3.1/../../../../arm-none-eabi/lib/thumb/v6-m/nofp/libg.a(libc_a-mallocr.o) (_sbrk_r)
/usr/bin/../lib/gcc/arm-none-eabi/13.3.1/../../../../arm-none-eabi/lib/thumb/v6-m/nofp/libg.a(libc_a-mlock.o)
                              /usr/bin/../lib/gcc/arm-none-eabi/13.3.1/../../../../arm-none-eabi/lib/thumb/v6-m/nofp/libg.a(libc_a-mallocr.o) (__malloc_lock)
/usr/bin/../lib/gcc/arm-none-eabi/13.3.1/../../../../arm-none-eabi/lib/thumb/v6-m/nofp/libg.a(libc_a-calloc.o)
                              CMakeFiles/stackcalcpi.dir/home/max/projects/pico/pico-sdk/src/rp2_common/pico_malloc/pico_malloc.c.obj (calloc)
/usr/bin/../lib/gcc/arm-none-eabi/13.3.1/../../../../arm-none-eabi/lib/thumb/v6-m/nofp/libg.a(libc_a-callocr.o)
                              /usr/bin/../lib/gcc/arm-none-eabi/13.3.1/../../../../arm-none-eabi/lib/thumb/v6-m/nofp/libg.a(libc_a-calloc.o) (_calloc_r)
/usr/bin/../lib/gcc/arm-none-eabi/13.3.1/../../../../arm-none-eabi/lib/thumb/v6-m/nofp/libg.a(libc_a-realloc.o)
                              CMakeFiles/stackcalcpi.dir/home/max/projects/pico/pico-sdk/src/rp2_common/pico_malloc/pico_malloc.c.obj (realloc)
/usr/bin/../lib/gcc/arm-none-eabi/13.3.1/../../../../arm-none-eabi/lib/thumb/v6-m/nofp/libg.a(libc_a-init.o)
                              /usr/bin/../lib/gcc/arm-none-eabi/13.3.1/../../../../arm-none-eabi/lib/thumb/v6-m/nofp/crt0.o (__libc_init_array)
/usr/bin/../lib/gcc/arm-none-eabi/13.3.1/../../../../arm-none-eabi/lib/thumb/v6-m/nofp/libg.a(libc_a-lock.o)
                              /usr/bin/../lib/gcc/arm-none-eabi/13.3.1/../../../../arm-none-eabi/lib/thumb/v6-m/nofp/libg.a(libc_a-mlock.o) (__retarget_lock_acquire_recursive)
/usr/bin/../lib/gcc/arm-none-eabi/13.3.1/../../../../arm-none-eabi/lib/thumb/v6-m/nofp/libg.a(libc_a-sysconf.o)
                              /usr/bin/../lib/gcc/arm-none-eabi/13.3.1/../../../../arm-none-eabi/lib/thumb/v6-m/nofp/libg.a(libc_a-mallocr.o) (sysconf)
/usr/bin/../lib/gcc/arm-none-eabi/13.3.1/../../../../arm-none-eabi/lib/thumb/v6-m/nofp/libg.a(libc_a-reallocr.o)
                              /usr/bin/../lib/gcc/arm-none-eabi/13.3.1/../../../../arm-none-eabi/lib/thumb/v6-m/nofp/libg.a(libc_a-realloc.o) (_realloc_r)
/usr/bin/../lib/gcc/arm-none-eabi/13.3.1/../../../../arm-none-eabi/lib/thumb/v6-m/nofp/libg.a(libc_a-freer.o)
                              /usr/bin/../lib/gcc/arm-none-eabi/13.3.1/../../../../arm-none-eabi/lib/thumb/v6-m/nofp/libg.a(libc_a-malloc.o) (_free_r)
/usr/bin/../lib/gcc/arm-none-eabi/13.3.1/../../../../arm-none-eabi/lib/thumb/v6-m/nofp/libg.a(libc_a-reent.o)
                              /usr/bin/../lib/gcc/arm-none-eabi/13.3.1/../../../../arm-none-eabi/lib/thumb/v6-m/nofp/libg.a(libc_a-sbrkr.o) (errno)
/usr/bin/../lib/gcc/arm-none-eabi/13.3.1/../../../../arm-none-eabi/lib/thumb/v6-m/nofp/libg.a(libc_a-impure.o)
                              /usr/bin/../lib/gcc/arm-none-eabi/13.3.1/../../../../arm-none-eabi/lib/thumb/v6-m/nofp/libg.a(libc_a-malloc.o) (_impure_ptr)
/usr/bin/../lib/gcc/arm-none-eabi/13.3.1/../../../../arm-none-eabi/lib/thumb/v6-m/nofp/libg.a(libc_a-findfp.o)
                              /usr/bin/../lib/gcc/arm-none-eabi/13.3.1/../../../../arm-none-eabi/lib/thumb/v6-m/nofp/libg.a(libc_a-impure.o) (__sf)
/usr/bin/../lib/gcc/arm-none-eabi/13.3.1/../../../../arm-none-eabi/lib/thumb/v6-m/nofp/libg.a(libc_a-stdio.o)
                              /usr/bin/../lib/gcc/arm-none-eabi/13.3.1/../../../../arm-none-eabi/lib/thumb/v6-m/nofp/libg.a(libc_a-findfp.o) (__sread)
/usr/bin/../lib/gcc/arm-none-eabi/13.3.1/../../../../arm-none-eabi/lib/thumb/v6-m/nofp/libg.a(libc_a-writer.o)
[...]
Memory Configuration

Name             Origin             Length             Attributes
FLASH            0x10000000         0x00200000         xr
RAM              0x20000000         0x00040000         xrw
SCRATCH_X        0x20040000         0x00001000         xrw
SCRATCH_Y        0x20041000         0x00001000         xrw
*default*        0x00000000         0xffffffff

Linker script and memory map

LOAD /usr/bin/../lib/gcc/arm-none-eabi/13.3.1/thumb/v6-m/nofp/crti.o
LOAD /usr/bin/../lib/gcc/arm-none-eabi/13.3.1/thumb/v6-m/nofp/crtbegin.o
LOAD /usr/bin/../lib/gcc/arm-none-eabi/13.3.1/../../../../arm-none-eabi/lib/thumb/v6-m/nofp/crt0.o

.flash_begin    0x10000000        0x0
                0x10000000                        __flash_binary_start = .

.boot2          0x10000000      0x100
                0x10000000                        __boot2_start__ = .
 *(.boot2)
 .boot2         0x10000000      0x100 /tmp/cc9bFg9R.o
                0x10000100                        __boot2_end__ = .
                0x00000001                        ASSERT (((__boot2_end__ - __boot2_start__) == 0x100), ERROR: Pico second stage bootloader must be 256 bytes in size)

.text           0x10000100     0x4ac8
                0x10000100                        __logical_binary_start = .
 *(.vectors)
 .vectors       0x10000100       0xd4 CMakeFiles/stackcalcpi.dir/home/max/projects/pico/pico-sdk/src/rp2_common/pico_standard_link/crt0.S.obj
                0x10000100                __vectors
                0x10000100                __VECTOR_TABLE
                0x100001c0                isr_invalid
                0x100001c0                __default_isrs_start
                0x100001c2                isr_nmi
                0x100001c4                isr_hardfault
                0x100001c6                isr_svcall
                0x100001c8                isr_pendsv
                0x100001ca                isr_systick
                0x100001cc                isr_irq30
                0x100001cc                __unhandled_user_irq
                0x100001cc                isr_irq13
                0x100001cc                isr_irq27
                0x100001cc                isr_irq31
                0x100001cc                isr_irq5
                0x100001cc                isr_irq11
                0x100001cc                isr_irq23
                0x100001cc                isr_irq18
                0x100001cc                isr_irq28
                0x100001cc                isr_irq19
                0x100001cc                isr_irq0
                0x100001cc                isr_irq6
                0x100001cc                isr_irq22
                0x100001cc                isr_irq17
                0x100001cc                isr_irq14
                0x100001cc                isr_irq2
                0x100001cc                isr_irq10
                0x100001cc                isr_irq8
                0x100001cc                isr_irq24
                0x100001cc                isr_irq1
                0x100001cc                isr_irq7
                0x100001cc                isr_irq21
                0x100001cc                isr_irq20
                0x100001cc                isr_irq15
                0x100001cc                isr_irq25
                0x100001cc                isr_irq4
                0x100001cc                isr_irq16
                0x100001cc                isr_irq29
                0x100001cc                isr_irq26
                0x100001cc                __default_isrs_end
                0x100001cc                isr_irq3
                0x100001cc                isr_irq12
                0x100001cc                isr_irq9
                0x100001d2                unhandled_user_irq_num_in_r0
 *(.binary_info_header)
 .binary_info_header
                0x100001d4       0x14 CMakeFiles/stackcalcpi.dir/home/max/projects/pico/pico-sdk/src/rp2_common/pico_standard_link/crt0.S.obj
                0x100001e8                        __binary_info_header_end = .
 *(.reset)
 .reset         0x100001e8       0xa0 CMakeFiles/stackcalcpi.dir/home/max/projects/pico/pico-sdk/src/rp2_common/pico_standard_link/crt0.S.obj
                0x100001e8                _entry_point
 .reset         0x10000288       0x30 CMakeFiles/stackcalcpi.dir/home/max/projects/pico/pico-sdk/src/rp2_common/pico_standard_link/binary_info.c.obj
 *(.init)
 .init          0x100002b8        0x4 /usr/bin/../lib/gcc/arm-none-eabi/13.3.1/thumb/v6-m/nofp/crti.o
                0x100002b8                _init
 *(EXCLUDE_FILE(*libm.a: *libc.a:*lib_a-mem*.o *libgcc.a:) .text*)
 .text.register_tm_clones
                0x100002bc       0x28 /usr/bin/../lib/gcc/arm-none-eabi/13.3.1/thumb/v6-m/nofp/crtbegin.o
 .text.frame_dummy
                0x100002e4       0x24 /usr/bin/../lib/gcc/arm-none-eabi/13.3.1/thumb/v6-m/nofp/crtbegin.o
 .text.main     0x10000308      0x6a8 CMakeFiles/stackcalcpi.dir/stackcalcpi.c.obj
                0x10000308                main
 .text.gpio_set_function
                0x100009b0       0x30 CMakeFiles/stackcalcpi.dir/home/max/projects/pico/pico-sdk/src/rp2_common/hardware_gpio/gpio.c.obj
                0x100009b0                gpio_set_function
 .text.gpio_set_pulls
                0x100009e0       0x34 CMakeFiles/stackcalcpi.dir/home/max/projects/pico/pico-sdk/src/rp2_common/hardware_gpio/gpio.c.obj
                0x100009e0                gpio_set_pulls
 .text.gpio_init
                0x10000a14       0x16 CMakeFiles/stackcalcpi.dir/home/max/projects/pico/pico-sdk/src/rp2_common/hardware_gpio/gpio.c.obj
                0x10000a14                gpio_init
 *fill*         0x10000a2a        0x2 
 .text.running_on_fpga
                0x10000a2c       0x14 CMakeFiles/stackcalcpi.dir/home/max/projects/pico/pico-sdk/src/rp2_common/pico_platform/platform.c.obj
                0x10000a2c                running_on_fpga
 .text.hw_claim_lock
                0x10000a40       0x18 CMakeFiles/stackcalcpi.dir/home/max/projects/pico/pico-sdk/src/rp2_common/hardware_claim/claim.c.obj
                0x10000a40                hw_claim_lock
 .text.hw_claim_unlock
                0x10000a58       0x14 CMakeFiles/stackcalcpi.dir/home/max/projects/pico/pico-sdk/src/rp2_common/hardware_claim/claim.c.obj
                0x10000a58                hw_claim_unlock
 .text.hw_claim_or_assert
                0x10000a6c       0x32 CMakeFiles/stackcalcpi.dir/home/max/projects/pico/pico-sdk/src/rp2_common/hardware_claim/claim.c.obj
                0x10000a6c                hw_claim_or_assert
 *fill*         0x10000a9e        0x2 
 .text.spin_locks_reset
                0x10000aa0       0x20 CMakeFiles/stackcalcpi.dir/home/max/projects/pico/pico-sdk/src/rp2_common/hardware_sync/sync.c.obj
                0x10000aa0                spin_locks_reset
 .text.next_striped_spin_lock_num
                0x10000ac0       0x1c CMakeFiles/stackcalcpi.dir/home/max/projects/pico/pico-sdk/src/rp2_common/hardware_sync/sync.c.obj
                0x10000ac0                next_striped_spin_lock_num
 .text.set_raw_irq_handler_and_unlock
                0x10000adc       0x28 CMakeFiles/stackcalcpi.dir/home/max/projects/pico/pico-sdk/src/rp2_common/hardware_irq/irq.c.obj
 .text.resolve_branch
                0x10000b04       0x30 CMakeFiles/stackcalcpi.dir/home/max/projects/pico/pico-sdk/src/rp2_common/hardware_irq/irq.c.obj
 .text.make_branch
                0x10000b34       0x48 CMakeFiles/stackcalcpi.dir/home/max/projects/pico/pico-sdk/src/rp2_common/hardware_irq/irq.c.obj
 .text.insert_branch_and_link
                0x10000b7c       0x40 CMakeFiles/stackcalcpi.dir/home/max/projects/pico/pico-sdk/src/rp2_common/hardware_irq/irq.c.obj
 .text.irq_is_enabled
                0x10000bbc       0x18 CMakeFiles/stackcalcpi.dir/home/max/projects/pico/pico-sdk/src/rp2_common/hardware_irq/irq.c.obj
                0x10000bbc                irq_is_enabled
 .text.irq_set_mask_enabled
                0x10000bd4       0x20 CMakeFiles/stackcalcpi.dir/home/max/projects/pico/pico-sdk/src/rp2_common/hardware_irq/irq.c.obj
                0x10000bd4                irq_set_mask_enabled
 .text.irq_set_enabled
                0x10000bf4        0xe CMakeFiles/stackcalcpi.dir/home/max/projects/pico/pico-sdk/src/rp2_common/hardware_irq/irq.c.obj
                0x10000bf4                irq_set_enabled
 *fill*         0x10000c02        0x2 
 .text.irq_get_vtable_handler
                0x10000c04       0x10 CMakeFiles/stackcalcpi.dir/home/max/projects/pico/pico-sdk/src/rp2_common/hardware_irq/irq.c.obj
                0x10000c04                irq_get_vtable_handler
 .text.irq_set_exclusive_handler
                0x10000c14       0x54 CMakeFiles/stackcalcpi.dir/home/max/projects/pico/pico-sdk/src/rp2_common/hardware_irq/irq.c.obj
                0x10000c14                irq_set_exclusive_handler
 .text.irq_remove_handler
                0x10000c68      0x188 CMakeFiles/stackcalcpi.dir/home/max/projects/pico/pico-sdk/src/rp2_common/hardware_irq/irq.c.obj
                0x10000c68                irq_remove_handler
 .text.irq_add_tail_to_free_list
                0x10000df0       0xf0 CMakeFiles/stackcalcpi.dir/home/max/projects/pico/pico-sdk/src/rp2_common/hardware_irq/irq.c.obj
                0x10000df0                irq_add_tail_to_free_list
 .text.irq_init_priorities
                0x10000ee0       0x1c CMakeFiles/stackcalcpi.dir/home/max/projects/pico/pico-sdk/src/rp2_common/hardware_irq/irq.c.obj
                0x10000ee0                irq_init_priorities
 .text.lock_init
                0x10000efc       0x10 CMakeFiles/stackcalcpi.dir/home/max/projects/pico/pico-sdk/src/common/pico_sync/lock_core.c.obj
                0x10000efc                lock_init
 .text.mutex_init
                0x10000f0c       0x1a CMakeFiles/stackcalcpi.dir/home/max/projects/pico/pico-sdk/src/common/pico_sync/mutex.c.obj
                0x10000f0c                mutex_init
 .text.recursive_mutex_init
                0x10000f26       0x1e CMakeFiles/stackcalcpi.dir/home/max/projects/pico/pico-sdk/src/common/pico_sync/mutex.c.obj
                0x10000f26                recursive_mutex_init
 .text.time_reached
                0x10000f44       0x28 CMakeFiles/stackcalcpi.dir/home/max/projects/pico/pico-sdk/src/common/pico_time/time.c.obj
 .text.get_entry
                0x10000f6c       0x38 CMakeFiles/stackcalcpi.dir/home/max/projects/pico/pico-sdk/src/common/pico_time/time.c.obj
 .text.timer_pool_entry_comparator
                0x10000fa4       0x2e CMakeFiles/stackcalcpi.dir/home/max/projects/pico/pico-sdk/src/common/pico_time/time.c.obj
                0x10000fa4                timer_pool_entry_comparator
 *fill*         0x10000fd2        0x2 
 .text.update_us_since_boot
                0x10000fd4       0x24 CMakeFiles/stackcalcpi.dir/home/max/projects/pico/pico-sdk/src/common/pico_time/time.c.obj
 .text.delayed_by_us
                0x10000ff8       0x34 CMakeFiles/stackcalcpi.dir/home/max/projects/pico/pico-sdk/src/common/pico_time/time.c.obj
 .text.ph_get_node
                0x1000102c       0x30 CMakeFiles/stackcalcpi.dir/home/max/projects/pico/pico-sdk/src/common/pico_time/time.c.obj
 .text.ph_contains_node
                0x1000105c       0x1e CMakeFiles/stackcalcpi.dir/home/max/projects/pico/pico-sdk/src/common/pico_time/time.c.obj
 .text.ph_new_node
                0x1000107a       0x28 CMakeFiles/stackcalcpi.dir/home/max/projects/pico/pico-sdk/src/common/pico_time/time.c.obj
 *fill*         0x100010a2        0x2 
 .text.ph_add_child_node
                0x100010a4       0x6c CMakeFiles/stackcalcpi.dir/home/max/projects/pico/pico-sdk/src/common/pico_time/time.c.obj
 .text.ph_merge_nodes
                0x10001110       0x3e CMakeFiles/stackcalcpi.dir/home/max/projects/pico/pico-sdk/src/common/pico_time/time.c.obj
 *fill*         0x1000114e        0x2 
 .text.ph_insert_node
                0x10001150       0x3c CMakeFiles/stackcalcpi.dir/home/max/projects/pico/pico-sdk/src/common/pico_time/time.c.obj
 .text.ph_free_node
                0x1000118c       0x5c CMakeFiles/stackcalcpi.dir/home/max/projects/pico/pico-sdk/src/common/pico_time/time.c.obj
 .text.get_entry_id_high
                0x100011e8       0x30 CMakeFiles/stackcalcpi.dir/home/max/projects/pico/pico-sdk/src/common/pico_time/time.c.obj
 .text.alarm_pool_post_alloc_init
                0x10001218       0x40 CMakeFiles/stackcalcpi.dir/home/max/projects/pico/pico-sdk/src/common/pico_time/time.c.obj
 .text.sleep_until_callback
                0x10001258       0x30 CMakeFiles/stackcalcpi.dir/home/max/projects/pico/pico-sdk/src/common/pico_time/time.c.obj
 .text.get_absolute_time
                0x10001288       0x22 CMakeFiles/stackcalcpi.dir/home/max/projects/pico/pico-sdk/src/common/pico_time/time.c.obj
 .text.make_timeout_time_us
                0x100012aa       0x24 CMakeFiles/stackcalcpi.dir/home/max/projects/pico/pico-sdk/src/common/pico_time/time.c.obj
 *fill*         0x100012ce        0x2 
 .text.add_alarm_under_lock
                0x100012d0       0x94 CMakeFiles/stackcalcpi.dir/home/max/projects/pico/pico-sdk/src/common/pico_time/time.c.obj
 .text.alarm_pool_alarm_callback
                0x10001364      0x210 CMakeFiles/stackcalcpi.dir/home/max/projects/pico/pico-sdk/src/common/pico_time/time.c.obj
 .text.alarm_pool_init_default
                0x10001574       0x40 CMakeFiles/stackcalcpi.dir/home/max/projects/pico/pico-sdk/src/common/pico_time/time.c.obj
                0x10001574                alarm_pool_init_default
 .text.alarm_pool_get_default
                0x100015b4       0x2c CMakeFiles/stackcalcpi.dir/home/max/projects/pico/pico-sdk/src/common/pico_time/time.c.obj
                0x100015b4                alarm_pool_get_default
 .text.alarm_pool_add_alarm_at
                0x100015e0      0x10e CMakeFiles/stackcalcpi.dir/home/max/projects/pico/pico-sdk/src/common/pico_time/time.c.obj
                0x100015e0                alarm_pool_add_alarm_at
 .text.add_alarm_at
                0x100016ee       0x2e CMakeFiles/stackcalcpi.dir/home/max/projects/pico/pico-sdk/src/common/pico_time/time.c.obj
 .text.alarm_pool_cancel_alarm
                0x1000171c       0xa8 CMakeFiles/stackcalcpi.dir/home/max/projects/pico/pico-sdk/src/common/pico_time/time.c.obj
                0x1000171c                alarm_pool_cancel_alarm
 .text.cancel_alarm
                0x100017c4       0x10 CMakeFiles/stackcalcpi.dir/home/max/projects/pico/pico-sdk/src/common/pico_time/time.c.obj
 .text.sleep_until
                0x100017d4       0xb0 CMakeFiles/stackcalcpi.dir/home/max/projects/pico/pico-sdk/src/common/pico_time/time.c.obj
                0x100017d4                sleep_until
 .text.sleep_us
                0x10001884       0x1a CMakeFiles/stackcalcpi.dir/home/max/projects/pico/pico-sdk/src/common/pico_time/time.c.obj
                0x10001884                sleep_us
 .text.sleep_ms
                0x1000189e       0x14 CMakeFiles/stackcalcpi.dir/home/max/projects/pico/pico-sdk/src/common/pico_time/time.c.obj
                0x1000189e                sleep_ms
 *fill*         0x100018b2        0x2 
 .text.best_effort_wfe_or_timeout
                0x100018b4       0x44 CMakeFiles/stackcalcpi.dir/home/max/projects/pico/pico-sdk/src/common/pico_time/time.c.obj
                0x100018b4                best_effort_wfe_or_timeout
 .text.update_us_since_boot
                0x100018f8       0x24 CMakeFiles/stackcalcpi.dir/home/max/projects/pico/pico-sdk/src/rp2_common/hardware_timer/timer.c.obj
 .text.hardware_alarm_irq_handler
                0x1000191c       0x8c CMakeFiles/stackcalcpi.dir/home/max/projects/pico/pico-sdk/src/rp2_common/hardware_timer/timer.c.obj
 .text.hardware_alarm_claim
                0x100019a8       0x18 CMakeFiles/stackcalcpi.dir/home/max/projects/pico/pico-sdk/src/rp2_common/hardware_timer/timer.c.obj
                0x100019a8                hardware_alarm_claim
 .text.time_us_64
                0x100019c0       0x18 CMakeFiles/stackcalcpi.dir/home/max/projects/pico/pico-sdk/src/rp2_common/hardware_timer/timer.c.obj
                0x100019c0                time_us_64
 .text.busy_wait_until
                0x100019d8       0x28 CMakeFiles/stackcalcpi.dir/home/max/projects/pico/pico-sdk/src/rp2_common/hardware_timer/timer.c.obj
                0x100019d8                busy_wait_until
 .text.busy_wait_us
                0x10001a00       0x3a CMakeFiles/stackcalcpi.dir/home/max/projects/pico/pico-sdk/src/rp2_common/hardware_timer/timer.c.obj
                0x10001a00                busy_wait_us
 *fill*         0x10001a3a        0x2 
 .text.hardware_alarm_set_callback
                0x10001a3c       0x90 CMakeFiles/stackcalcpi.dir/home/max/projects/pico/pico-sdk/src/rp2_common/hardware_timer/timer.c.obj
                0x10001a3c                hardware_alarm_set_callback
 .text.hardware_alarm_set_target
                0x10001acc       0xe8 CMakeFiles/stackcalcpi.dir/home/max/projects/pico/pico-sdk/src/rp2_common/hardware_timer/timer.c.obj
                0x10001acc                hardware_alarm_set_target
 .text.hardware_alarm_cancel
                0x10001bb4       0x40 CMakeFiles/stackcalcpi.dir/home/max/projects/pico/pico-sdk/src/rp2_common/hardware_timer/timer.c.obj
                0x10001bb4                hardware_alarm_cancel
 .text.ph_get_node
                0x10001bf4       0x30 CMakeFiles/stackcalcpi.dir/home/max/projects/pico/pico-sdk/src/common/pico_util/pheap.c.obj
 .text.ph_add_child_node
                0x10001c24       0x6c CMakeFiles/stackcalcpi.dir/home/max/projects/pico/pico-sdk/src/common/pico_util/pheap.c.obj
 .text.ph_merge_nodes
                0x10001c90       0x3e CMakeFiles/stackcalcpi.dir/home/max/projects/pico/pico-sdk/src/common/pico_util/pheap.c.obj
 .text.ph_clear
                0x10001cce       0x34 CMakeFiles/stackcalcpi.dir/home/max/projects/pico/pico-sdk/src/common/pico_util/pheap.c.obj
                0x10001cce                ph_clear
 .text.ph_post_alloc_init
                0x10001d02        0xe CMakeFiles/stackcalcpi.dir/home/max/projects/pico/pico-sdk/src/common/pico_util/pheap.c.obj
                0x10001d02                ph_post_alloc_init
 .text.ph_merge_two_pass
                0x10001d10       0x5c CMakeFiles/stackcalcpi.dir/home/max/projects/pico/pico-sdk/src/common/pico_util/pheap.c.obj
                0x10001d10                ph_merge_two_pass
 .text.ph_remove_any_head
                0x10001d6c       0xc0 CMakeFiles/stackcalcpi.dir/home/max/projects/pico/pico-sdk/src/common/pico_util/pheap.c.obj
 .text.ph_remove_head
                0x10001e2c       0x14 CMakeFiles/stackcalcpi.dir/home/max/projects/pico/pico-sdk/src/common/pico_util/pheap.c.obj
                0x10001e2c                ph_remove_head
 .text.ph_remove_and_free_node
                0x10001e40       0xa0 CMakeFiles/stackcalcpi.dir/home/max/projects/pico/pico-sdk/src/common/pico_util/pheap.c.obj
                0x10001e40                ph_remove_and_free_node
 .text.uart_disable_before_lcr_write
                0x10001ee0       0x48 CMakeFiles/stackcalcpi.dir/home/max/projects/pico/pico-sdk/src/rp2_common/hardware_uart/uart.c.obj
 .text.uart_write_lcr_bits_masked
                0x10001f28       0x22 CMakeFiles/stackcalcpi.dir/home/max/projects/pico/pico-sdk/src/rp2_common/hardware_uart/uart.c.obj
 *fill*         0x10001f4a        0x2 
 .text.uart_set_baudrate
                0x10001f4c       0x5c CMakeFiles/stackcalcpi.dir/home/max/projects/pico/pico-sdk/src/rp2_common/hardware_uart/uart.c.obj
                0x10001f4c                uart_set_baudrate
 .text.uart_set_format
                0x10001fa8       0x2c CMakeFiles/stackcalcpi.dir/home/max/projects/pico/pico-sdk/src/rp2_common/hardware_uart/uart.c.obj
                0x10001fa8                uart_set_format
 .text.uart_set_translate_crlf
                0x10001fd4       0x28 CMakeFiles/stackcalcpi.dir/home/max/projects/pico/pico-sdk/src/rp2_common/hardware_uart/uart.c.obj
                0x10001fd4                uart_set_translate_crlf
 .text.uart_init
                0x10001ffc       0x80 CMakeFiles/stackcalcpi.dir/home/max/projects/pico/pico-sdk/src/rp2_common/hardware_uart/uart.c.obj
                0x10001ffc                uart_init
 .text.clock_configure
                0x1000207c      0x108 CMakeFiles/stackcalcpi.dir/home/max/projects/pico/pico-sdk/src/rp2_common/hardware_clocks/clocks.c.obj
                0x1000207c                clock_configure
 .text.clocks_init
                0x10002184      0x100 CMakeFiles/stackcalcpi.dir/home/max/projects/pico/pico-sdk/src/rp2_common/hardware_clocks/clocks.c.obj
                0x10002184                clocks_init
 .text.clock_get_hz
                0x10002284        0xc CMakeFiles/stackcalcpi.dir/home/max/projects/pico/pico-sdk/src/rp2_common/hardware_clocks/clocks.c.obj
                0x10002284                clock_get_hz
 .text.pll_init
                0x10002290      0x120 CMakeFiles/stackcalcpi.dir/home/max/projects/pico/pico-sdk/src/rp2_common/hardware_pll/pll.c.obj
                0x10002290                pll_init
 .text.watchdog_start_tick
                0x100023b0       0x10 CMakeFiles/stackcalcpi.dir/home/max/projects/pico/pico-sdk/src/rp2_common/hardware_watchdog/watchdog.c.obj
                0x100023b0                watchdog_start_tick
 .text.xosc_init
                0x100023c0       0x28 CMakeFiles/stackcalcpi.dir/home/max/projects/pico/pico-sdk/src/rp2_common/hardware_xosc/xosc.c.obj
                0x100023c0                xosc_init
 .text._exit    0x100023e8        0x4 CMakeFiles/stackcalcpi.dir/home/max/projects/pico/pico-sdk/src/rp2_common/pico_runtime/runtime.c.obj
                0x100023e8                _exit
 .text.exit     0x100023ec        0x6 CMakeFiles/stackcalcpi.dir/home/max/projects/pico/pico-sdk/src/rp2_common/pico_runtime/runtime.c.obj
                0x100023ec                exit
 *fill*         0x100023f2        0x2 
 .text.__assert_func
                0x100023f4       0x38 CMakeFiles/stackcalcpi.dir/home/max/projects/pico/pico-sdk/src/rp2_common/pico_runtime/runtime.c.obj
                0x100023f4                __assert_func
 .text.runtime_init
                0x1000242c       0xf8 CMakeFiles/stackcalcpi.dir/home/max/projects/pico/pico-sdk/src/rp2_common/pico_runtime/runtime.c.obj
                0x1000242c                runtime_init
 .text.panic    0x10002524       0x30 CMakeFiles/stackcalcpi.dir/home/max/projects/pico/pico-sdk/src/rp2_common/pico_runtime/runtime.c.obj
                0x10002524                panic
 .text._out_null
                0x10002554        0x2 CMakeFiles/stackcalcpi.dir/home/max/projects/pico/pico-sdk/src/rp2_common/pico_printf/printf.c.obj
 .text._out_fct
                0x10002556        0xe CMakeFiles/stackcalcpi.dir/home/max/projects/pico/pico-sdk/src/rp2_common/pico_printf/printf.c.obj
 .text._atoi    0x10002564       0x24 CMakeFiles/stackcalcpi.dir/home/max/projects/pico/pico-sdk/src/rp2_common/pico_printf/printf.c.obj
 .text._out_rev
                0x10002588       0xae CMakeFiles/stackcalcpi.dir/home/max/projects/pico/pico-sdk/src/rp2_common/pico_printf/printf.c.obj
 .text._ntoa_format
                0x10002636      0x110 CMakeFiles/stackcalcpi.dir/home/max/projects/pico/pico-sdk/src/rp2_common/pico_printf/printf.c.obj
 .text._ntoa_long
                0x10002746       0xbc CMakeFiles/stackcalcpi.dir/home/max/projects/pico/pico-sdk/src/rp2_common/pico_printf/printf.c.obj
 .text._ntoa_long_long
                0x10002802      0x10e CMakeFiles/stackcalcpi.dir/home/max/projects/pico/pico-sdk/src/rp2_common/pico_printf/printf.c.obj
 .text._etoa    0x10002910      0x420 CMakeFiles/stackcalcpi.dir/home/max/projects/pico/pico-sdk/src/rp2_common/pico_printf/printf.c.obj
 .text._ftoa    0x10002d30      0x354 CMakeFiles/stackcalcpi.dir/home/max/projects/pico/pico-sdk/src/rp2_common/pico_printf/printf.c.obj
 .text._vsnprintf
                0x10003084      0x668 CMakeFiles/stackcalcpi.dir/home/max/projects/pico/pico-sdk/src/rp2_common/pico_printf/printf.c.obj
 .text.vfctprintf
                0x100036ec       0x20 CMakeFiles/stackcalcpi.dir/home/max/projects/pico/pico-sdk/src/rp2_common/pico_printf/printf.c.obj
                0x100036ec                vfctprintf
 .text          0x1000370c       0x10 CMakeFiles/stackcalcpi.dir/home/max/projects/pico/pico-sdk/src/rp2_common/pico_bit_ops/bit_ops_aeabi.S.obj
 .text.rom_func_lookup
                0x1000371c       0x10 CMakeFiles/stackcalcpi.dir/home/max/projects/pico/pico-sdk/src/rp2_common/pico_bootrom/bootrom.c.obj
                0x1000371c                rom_func_lookup
 .text.rom_data_lookup
                0x1000372c       0x10 CMakeFiles/stackcalcpi.dir/home/max/projects/pico/pico-sdk/src/rp2_common/pico_bootrom/bootrom.c.obj
                0x1000372c                rom_data_lookup
 .text.rom_funcs_lookup
                0x1000373c       0x36 CMakeFiles/stackcalcpi.dir/home/max/projects/pico/pico-sdk/src/rp2_common/pico_bootrom/bootrom.c.obj
                0x1000373c                rom_funcs_lookup
 *fill*         0x10003772        0x2 
 .text.__wrap___aeabi_idiv
                0x10003774       0x50 CMakeFiles/stackcalcpi.dir/home/max/projects/pico/pico-sdk/src/rp2_common/pico_divider/divider.S.obj
                0x10003774                __wrap___aeabi_idivmod
                0x10003774                divmod_s32s32
                0x10003774                div_s32s32
                0x10003774                __wrap___aeabi_idiv
                0x1000377c                divmod_s32s32_unsafe
                0x100037a8                divmod_s32s32_savestate
 .text.__wrap___aeabi_uidiv
                0x100037c4       0x4c CMakeFiles/stackcalcpi.dir/home/max/projects/pico/pico-sdk/src/rp2_common/pico_divider/divider.S.obj
                0x100037c4                __wrap___aeabi_uidiv
                0x100037c4                __wrap___aeabi_uidivmod
                0x100037c4                div_u32u32
                0x100037c4                divmod_u32u32
                0x100037cc                divmod_u32u32_unsafe
                0x100037f4                divmod_u32u32_savestate
 .text.__wrap___aeabi_ldiv
                0x10003810      0x424 CMakeFiles/stackcalcpi.dir/home/max/projects/pico/pico-sdk/src/rp2_common/pico_divider/divider.S.obj
                0x10003810                div_s64s64
                0x10003810                divmod_s64s64
                0x10003810                __wrap___aeabi_ldivmod
                0x10003840                div_u64u64
                0x10003840                divmod_u64u64
                0x10003840                __wrap___aeabi_uldivmod
                0x10003850                divmod_u64u64_savestate
                0x10003870                divmod_s64s64_unsafe
                0x100038f8                divmod_u64u64_unsafe
 .text.__wrap___aeabi_darithmetic
                0x10003c34       0x80 CMakeFiles/stackcalcpi.dir/home/max/projects/pico/pico-sdk/src/rp2_common/pico_double/double_aeabi.S.obj
                0x10003c34                __wrap___aeabi_drsub
                0x10003c3a                __wrap___aeabi_dsub
                0x10003c4c                __wrap___aeabi_dadd
                0x10003c5e                __wrap___aeabi_ddiv
                0x10003c9a                __wrap___aeabi_dmul
 .text.__wrap___aeabi_cdcmple
                0x10003cb4       0x6c CMakeFiles/stackcalcpi.dir/home/max/projects/pico/pico-sdk/src/rp2_common/pico_double/double_aeabi.S.obj
                0x10003cb4                __wrap___aeabi_cdrcmple
                0x10003cc4                __wrap___aeabi_cdcmple
                0x10003cc4                __wrap___aeabi_cdcmpeq
 .text.__wrap___aeabi_dcmplt
                0x10003d20        0xc CMakeFiles/stackcalcpi.dir/home/max/projects/pico/pico-sdk/src/rp2_common/pico_double/double_aeabi.S.obj
                0x10003d20                __wrap___aeabi_dcmplt
 .text.__wrap___aeabi_dcmple
                0x10003d2c       0x10 CMakeFiles/stackcalcpi.dir/home/max/projects/pico/pico-sdk/src/rp2_common/pico_double/double_aeabi.S.obj
                0x10003d2c                __wrap___aeabi_dcmple
 .text.__wrap___aeabi_dcmpge
                0x10003d3c       0x10 CMakeFiles/stackcalcpi.dir/home/max/projects/pico/pico-sdk/src/rp2_common/pico_double/double_aeabi.S.obj
                0x10003d3c                __wrap___aeabi_dcmpge
 .text.__wrap___aeabi_dcmpgt
                0x10003d4c        0xa CMakeFiles/stackcalcpi.dir/home/max/projects/pico/pico-sdk/src/rp2_common/pico_double/double_aeabi.S.obj
                0x10003d4c                __wrap___aeabi_dcmpgt
 .text.__wrap___aeabi_dcmpun
                0x10003d56       0x1c CMakeFiles/stackcalcpi.dir/home/max/projects/pico/pico-sdk/src/rp2_common/pico_double/double_aeabi.S.obj
                0x10003d56                __wrap___aeabi_dcmpun
 *fill*         0x10003d72        0x2 
 .text.__wrap___aeabi_i2d
                0x10003d74       0x38 CMakeFiles/stackcalcpi.dir/home/max/projects/pico/pico-sdk/src/rp2_common/pico_double/double_aeabi.S.obj
                0x10003d74                __wrap___aeabi_ui2d
                0x10003d7c                __wrap___aeabi_i2d
 .text.__wrap___aeabi_d2iz
                0x10003dac       0x48 CMakeFiles/stackcalcpi.dir/home/max/projects/pico/pico-sdk/src/rp2_common/pico_double/double_aeabi.S.obj
                0x10003dac                __wrap___aeabi_d2iz
                0x10003dac                double2int_z
 .text.__wrap___aeabi_d2uiz
                0x10003df4       0x18 CMakeFiles/stackcalcpi.dir/home/max/projects/pico/pico-sdk/src/rp2_common/pico_double/double_aeabi.S.obj
                0x10003df4                double2uint
                0x10003df4                __wrap___aeabi_d2uiz
 .text.__aeabi_double_init
                0x10003e0c       0xcc CMakeFiles/stackcalcpi.dir/home/max/projects/pico/pico-sdk/src/rp2_common/pico_double/double_init_rom.c.obj
                0x10003e0c                __aeabi_double_init
 .text.double_table_shim_on_use_helper
                0x10003ed8       0x34 CMakeFiles/stackcalcpi.dir/home/max/projects/pico/pico-sdk/src/rp2_common/pico_double/double_v1_rom_shim.S.obj
                0x10003ed8                double_table_shim_on_use_helper
 .text.__wrap___aeabi_dsub
                0x10003f0c       0x10 CMakeFiles/stackcalcpi.dir/home/max/projects/pico/pico-sdk/src/rp2_common/pico_double/double_v1_rom_shim.S.obj
                0x10003f0c                drsub_shim
                0x10003f12                dsub_shim
 .text.dadd_shim
                0x10003f1c      0x15c CMakeFiles/stackcalcpi.dir/home/max/projects/pico/pico-sdk/src/rp2_common/pico_double/double_v1_rom_shim.S.obj
                0x10003f1c                dadd_shim
 .text.dmul_shim
                0x10004078      0x15c CMakeFiles/stackcalcpi.dir/home/max/projects/pico/pico-sdk/src/rp2_common/pico_double/double_v1_rom_shim.S.obj
                0x10004078                dmul_shim
 .text.ddiv_shim
                0x100041d4      0x1b0 CMakeFiles/stackcalcpi.dir/home/max/projects/pico/pico-sdk/src/rp2_common/pico_double/double_v1_rom_shim.S.obj
                0x100041d4                ddiv_shim
 .text.double2uint_shim
                0x10004384        0xe CMakeFiles/stackcalcpi.dir/home/max/projects/pico/pico-sdk/src/rp2_common/pico_double/double_v1_rom_shim.S.obj
                0x10004384                double2uint_shim
                0x10004386                double2ufix_shim
 *fill*         0x10004392        0x2 
 .text.double2uint64_shim
                0x10004394       0x70 CMakeFiles/stackcalcpi.dir/home/max/projects/pico/pico-sdk/src/rp2_common/pico_double/double_v1_rom_shim.S.obj
                0x10004394                double2uint64_shim
                0x10004396                double2ufix64_shim
                0x100043b6                d2fix_a
 .text.dunpacks
                0x10004404       0x3c CMakeFiles/stackcalcpi.dir/home/max/projects/pico/pico-sdk/src/rp2_common/pico_double/double_v1_rom_shim.S.obj
                0x10004404                dunpacks
 .text.__aeabi_lmul
                0x10004440       0x32 CMakeFiles/stackcalcpi.dir/home/max/projects/pico/pico-sdk/src/rp2_common/pico_int64_ops/pico_int64_ops_aeabi.S.obj
                0x10004440                __wrap___aeabi_lmul
 *fill*         0x10004472        0x2 
 .text.__aeabi_float_init
                0x10004474       0xfc CMakeFiles/stackcalcpi.dir/home/max/projects/pico/pico-sdk/src/rp2_common/pico_float/float_init_rom.c.obj
                0x10004474                __aeabi_float_init
 .text.float_table_shim_on_use_helper
                0x10004570       0x34 CMakeFiles/stackcalcpi.dir/home/max/projects/pico/pico-sdk/src/rp2_common/pico_float/float_v1_rom_shim.S.obj
                0x10004570                float_table_shim_on_use_helper
 .text          0x100045a4       0x10 CMakeFiles/stackcalcpi.dir/home/max/projects/pico/pico-sdk/src/rp2_common/pico_mem_ops/mem_ops_aeabi.S.obj
                0x100045a4                __aeabi_mem_init
 .text.memset   0x100045b4        0xc CMakeFiles/stackcalcpi.dir/home/max/projects/pico/pico-sdk/src/rp2_common/pico_mem_ops/mem_ops_aeabi.S.obj
                0x100045b4                __wrap_memset
 .text.memcpy   0x100045c0        0xc CMakeFiles/stackcalcpi.dir/home/max/projects/pico/pico-sdk/src/rp2_common/pico_mem_ops/mem_ops_aeabi.S.obj
                0x100045c0                __wrap___aeabi_memcpy
                0x100045c0                __wrap_memcpy
 .text.stdio_out_chars_no_crlf
                0x100045cc        0xe CMakeFiles/stackcalcpi.dir/home/max/projects/pico/pico-sdk/src/rp2_common/pico_stdio/stdio.c.obj
 *fill*         0x100045da        0x2 
 .text.stdio_out_chars_crlf
                0x100045dc       0x80 CMakeFiles/stackcalcpi.dir/home/max/projects/pico/pico-sdk/src/rp2_common/pico_stdio/stdio.c.obj
 .text.stdio_stack_buffer_flush
                0x1000465c       0x44 CMakeFiles/stackcalcpi.dir/home/max/projects/pico/pico-sdk/src/rp2_common/pico_stdio/stdio.c.obj
 .text.stdio_buffered_printer
                0x100046a0       0x20 CMakeFiles/stackcalcpi.dir/home/max/projects/pico/pico-sdk/src/rp2_common/pico_stdio/stdio.c.obj
 .text.update_us_since_boot
                0x100046c0       0x24 CMakeFiles/stackcalcpi.dir/home/max/projects/pico/pico-sdk/src/rp2_common/pico_stdio/stdio.c.obj
 .text.get_absolute_time
                0x100046e4       0x22 CMakeFiles/stackcalcpi.dir/home/max/projects/pico/pico-sdk/src/rp2_common/pico_stdio/stdio.c.obj
 *fill*         0x10004706        0x2 
 .text.delayed_by_ms
                0x10004708       0x44 CMakeFiles/stackcalcpi.dir/home/max/projects/pico/pico-sdk/src/rp2_common/pico_stdio/stdio.c.obj
 .text.make_timeout_time_ms
                0x1000474c       0x20 CMakeFiles/stackcalcpi.dir/home/max/projects/pico/pico-sdk/src/rp2_common/pico_stdio/stdio.c.obj
 .text.stdout_serialize_begin
                0x1000476c       0x20 CMakeFiles/stackcalcpi.dir/home/max/projects/pico/pico-sdk/src/rp2_common/pico_stdio/stdio.c.obj
                0x1000476c                stdout_serialize_begin
 .text.stdout_serialize_end
                0x1000478c       0x10 CMakeFiles/stackcalcpi.dir/home/max/projects/pico/pico-sdk/src/rp2_common/pico_stdio/stdio.c.obj
                0x1000478c                stdout_serialize_end
 .text.stdio_put_string
                0x1000479c       0x98 CMakeFiles/stackcalcpi.dir/home/max/projects/pico/pico-sdk/src/rp2_common/pico_stdio/stdio.c.obj
 .text.stdio_set_driver_enabled
                0x10004834       0x2c CMakeFiles/stackcalcpi.dir/home/max/projects/pico/pico-sdk/src/rp2_common/pico_stdio/stdio.c.obj
                0x10004834                stdio_set_driver_enabled
 .text.stdio_flush
                0x10004860       0x20 CMakeFiles/stackcalcpi.dir/home/max/projects/pico/pico-sdk/src/rp2_common/pico_stdio/stdio.c.obj
                0x10004860                stdio_flush
 .text.__wrap_puts
                0x10004880       0x1e CMakeFiles/stackcalcpi.dir/home/max/projects/pico/pico-sdk/src/rp2_common/pico_stdio/stdio.c.obj
                0x10004880                __wrap_puts
 *fill*         0x1000489e        0x2 
 .text.__wrap_vprintf
                0x100048a0       0x40 CMakeFiles/stackcalcpi.dir/home/max/projects/pico/pico-sdk/src/rp2_common/pico_stdio/stdio.c.obj
                0x100048a0                __wrap_vprintf
 .text.__wrap_printf
                0x100048e0       0x18 CMakeFiles/stackcalcpi.dir/home/max/projects/pico/pico-sdk/src/rp2_common/pico_stdio/stdio.c.obj
                0x100048e0                __wrap_printf
 .text.stdio_init_all
                0x100048f8        0xa CMakeFiles/stackcalcpi.dir/home/max/projects/pico/pico-sdk/src/rp2_common/pico_stdio/stdio.c.obj
                0x100048f8                stdio_init_all
 *fill*         0x10004902        0x2 
 .text.uart_putc
                0x10004904       0x60 CMakeFiles/stackcalcpi.dir/home/max/projects/pico/pico-sdk/src/rp2_common/pico_stdio_uart/stdio_uart.c.obj
 .text.uart_getc
                0x10004964       0x24 CMakeFiles/stackcalcpi.dir/home/max/projects/pico/pico-sdk/src/rp2_common/pico_stdio_uart/stdio_uart.c.obj
 .text.stdio_uart_out_chars
                0x10004988       0x20 CMakeFiles/stackcalcpi.dir/home/max/projects/pico/pico-sdk/src/rp2_common/pico_stdio_uart/stdio_uart.c.obj
 .text.stdio_uart_in_chars
                0x100049a8       0x5c CMakeFiles/stackcalcpi.dir/home/max/projects/pico/pico-sdk/src/rp2_common/pico_stdio_uart/stdio_uart.c.obj
                0x100049a8                stdio_uart_in_chars
 .text.on_uart_rx
                0x10004a04       0x28 CMakeFiles/stackcalcpi.dir/home/max/projects/pico/pico-sdk/src/rp2_common/pico_stdio_uart/stdio_uart.c.obj
 .text.stdio_uart_set_chars_available_callback
                0x10004a2c       0x8c CMakeFiles/stackcalcpi.dir/home/max/projects/pico/pico-sdk/src/rp2_common/pico_stdio_uart/stdio_uart.c.obj
 .text.stdio_uart_init_full
                0x10004ab8       0x44 CMakeFiles/stackcalcpi.dir/home/max/projects/pico/pico-sdk/src/rp2_common/pico_stdio_uart/stdio_uart.c.obj
                0x10004ab8                stdio_uart_init_full
 .text.stdio_uart_init
                0x10004afc       0x28 CMakeFiles/stackcalcpi.dir/home/max/projects/pico/pico-sdk/src/rp2_common/pico_stdio_uart/stdio_uart.c.obj
                0x10004afc                stdio_uart_init
 .text.strlen   0x10004b24       0x5c /usr/bin/../lib/gcc/arm-none-eabi/13.3.1/../../../../arm-none-eabi/lib/thumb/v6-m/nofp/libg.a(libc_a-strlen-stub.o)
                0x10004b24                strlen
 *(.fini)
 .fini          0x10004b80        0x4 /usr/bin/../lib/gcc/arm-none-eabi/13.3.1/thumb/v6-m/nofp/crti.o
                0x10004b80                _fini
 *fill*         0x10004b84        0x4 
 .fini.__stub   0x10004b88       0x40 linker stubs
 *crtbegin.o(.ctors)
 *crtbegin?.o(.ctors)
 *(EXCLUDE_FILE(*crtend.o *crtend?.o) .ctors)
 *(SORT_BY_NAME(.ctors.*))
 *(.ctors)
 *crtbegin.o(.dtors)
 *crtbegin?.o(.dtors)
 *(EXCLUDE_FILE(*crtend.o *crtend?.o) .dtors)
 *(SORT_BY_NAME(.dtors.*))
 *(.dtors)
 *(.eh_frame*)
 .eh_frame      0x10004bc8        0x0 /usr/bin/../lib/gcc/arm-none-eabi/13.3.1/thumb/v6-m/nofp/crtbegin.o
                0x10004bc8                        . = ALIGN (0x4)

.glue_7         0x10004bc8        0x0
 .glue_7        0x10004bc8        0x0 linker stubs

.glue_7t        0x10004bc8        0x0
 .glue_7t       0x10004bc8        0x0 linker stubs

.vfp11_veneer   0x10004bc8        0x0
 .vfp11_veneer  0x10004bc8        0x0 linker stubs

.v4_bx          0x10004bc8        0x0
 .v4_bx         0x10004bc8        0x0 linker stubs

.iplt           0x10004bc8        0x0
 .iplt          0x10004bc8        0x0 /usr/bin/../lib/gcc/arm-none-eabi/13.3.1/thumb/v6-m/nofp/crtbegin.o

.rodata         0x10004bc8      0xea0
 *(EXCLUDE_FILE(*libm.a: *libc.a:*lib_a-mem*.o *libgcc.a:) .rodata*)
 .rodata        0x10004bc8       0x21 CMakeFiles/stackcalcpi.dir/stackcalcpi.c.obj
 *fill*         0x10004be9        0x3 
 .rodata.resolve_branch.str1.4
                0x10004bec      0x9dc CMakeFiles/stackcalcpi.dir/home/max/projects/pico/pico-sdk/src/rp2_common/hardware_irq/irq.c.obj
                                 0x5b (size before relaxing)
 .rodata.make_branch.str1.4
                0x100055c8       0x30 CMakeFiles/stackcalcpi.dir/home/max/projects/pico/pico-sdk/src/rp2_common/hardware_irq/irq.c.obj
 .rodata.insert_branch_and_link.str1.4
                0x100055c8       0x10 CMakeFiles/stackcalcpi.dir/home/max/projects/pico/pico-sdk/src/rp2_common/hardware_irq/irq.c.obj
 .rodata.irq_set_exclusive_handler.str1.4
                0x100055c8       0x36 CMakeFiles/stackcalcpi.dir/home/max/projects/pico/pico-sdk/src/rp2_common/hardware_irq/irq.c.obj
 .rodata.irq_remove_handler.str1.4
                0x100055c8       0x3a CMakeFiles/stackcalcpi.dir/home/max/projects/pico/pico-sdk/src/rp2_common/hardware_irq/irq.c.obj
 .rodata.irq_add_tail_to_free_list.str1.4
                0x100055c8       0x3a CMakeFiles/stackcalcpi.dir/home/max/projects/pico/pico-sdk/src/rp2_common/hardware_irq/irq.c.obj
 .rodata.__func__.0
                0x100055c8       0x1a CMakeFiles/stackcalcpi.dir/home/max/projects/pico/pico-sdk/src/rp2_common/hardware_irq/irq.c.obj
 *fill*         0x100055e2        0x2 
 .rodata.__func__.1
                0x100055e4       0x17 CMakeFiles/stackcalcpi.dir/home/max/projects/pico/pico-sdk/src/rp2_common/hardware_irq/irq.c.obj
 *fill*         0x100055fb        0x1 
 .rodata.__func__.2
                0x100055fc       0x13 CMakeFiles/stackcalcpi.dir/home/max/projects/pico/pico-sdk/src/rp2_common/hardware_irq/irq.c.obj
 *fill*         0x1000560f        0x1 
 .rodata.__func__.3
                0x10005610        0xc CMakeFiles/stackcalcpi.dir/home/max/projects/pico/pico-sdk/src/rp2_common/hardware_irq/irq.c.obj
 .rodata.__func__.4
                0x1000561c        0xf CMakeFiles/stackcalcpi.dir/home/max/projects/pico/pico-sdk/src/rp2_common/hardware_irq/irq.c.obj
 *fill*         0x1000562b        0x1 
 .rodata.__func__.6
                0x1000562c       0x1a CMakeFiles/stackcalcpi.dir/home/max/projects/pico/pico-sdk/src/rp2_common/hardware_irq/irq.c.obj
 .rodata.str1.4
                0x10005646       0x91 CMakeFiles/stackcalcpi.dir/home/max/projects/pico/pico-sdk/src/common/pico_sync/mutex.c.obj
 *fill*         0x10005646        0x2 
 .rodata.__func__.1
                0x10005648        0xb CMakeFiles/stackcalcpi.dir/home/max/projects/pico/pico-sdk/src/common/pico_sync/mutex.c.obj
 *fill*         0x10005653        0x1 
 .rodata.__func__.3
                0x10005654       0x18 CMakeFiles/stackcalcpi.dir/home/max/projects/pico/pico-sdk/src/common/pico_sync/mutex.c.obj
 .rodata.get_entry.str1.4
                0x1000566c       0x61 CMakeFiles/stackcalcpi.dir/home/max/projects/pico/pico-sdk/src/common/pico_time/time.c.obj
 .rodata.update_us_since_boot.str1.4
                0x1000566c       0x67 CMakeFiles/stackcalcpi.dir/home/max/projects/pico/pico-sdk/src/common/pico_time/time.c.obj
 .rodata.ph_get_node.str1.4
                0x1000566c       0x6c CMakeFiles/stackcalcpi.dir/home/max/projects/pico/pico-sdk/src/common/pico_time/time.c.obj
 .rodata.ph_add_child_node.str1.4
                0x1000566c       0x2e CMakeFiles/stackcalcpi.dir/home/max/projects/pico/pico-sdk/src/common/pico_time/time.c.obj
 .rodata.ph_insert_node.str1.4
                0x1000566c        0x3 CMakeFiles/stackcalcpi.dir/home/max/projects/pico/pico-sdk/src/common/pico_time/time.c.obj
 .rodata.ph_free_node.str1.4
                0x1000566c       0x38 CMakeFiles/stackcalcpi.dir/home/max/projects/pico/pico-sdk/src/common/pico_time/time.c.obj
 .rodata.add_alarm_under_lock.str1.4
                0x1000566c       0x28 CMakeFiles/stackcalcpi.dir/home/max/projects/pico/pico-sdk/src/common/pico_time/time.c.obj
 .rodata.alarm_pool_alarm_callback.str1.4
                0x1000566c       0x60 CMakeFiles/stackcalcpi.dir/home/max/projects/pico/pico-sdk/src/common/pico_time/time.c.obj
 .rodata.alarm_pool_get_default.str1.4
                0x1000566c       0x21 CMakeFiles/stackcalcpi.dir/home/max/projects/pico/pico-sdk/src/common/pico_time/time.c.obj
 .rodata.alarm_pool_cancel_alarm.str1.4
                0x1000566c       0x27 CMakeFiles/stackcalcpi.dir/home/max/projects/pico/pico-sdk/src/common/pico_time/time.c.obj
 .rodata.sleep_until.str1.4
                0x1000566c       0x4d CMakeFiles/stackcalcpi.dir/home/max/projects/pico/pico-sdk/src/common/pico_time/time.c.obj
 .rodata.__func__.1
                0x1000566c       0x18 CMakeFiles/stackcalcpi.dir/home/max/projects/pico/pico-sdk/src/common/pico_time/time.c.obj
 .rodata.__func__.3
                0x10005684       0x17 CMakeFiles/stackcalcpi.dir/home/max/projects/pico/pico-sdk/src/common/pico_time/time.c.obj
 *fill*         0x1000569b        0x1 
 .rodata.__func__.4
                0x1000569c       0x12 CMakeFiles/stackcalcpi.dir/home/max/projects/pico/pico-sdk/src/common/pico_time/time.c.obj
 *fill*         0x100056ae        0x2 
 .rodata.__func__.5
                0x100056b0        0xd CMakeFiles/stackcalcpi.dir/home/max/projects/pico/pico-sdk/src/common/pico_time/time.c.obj
 *fill*         0x100056bd        0x3 
 .rodata.__func__.6
                0x100056c0       0x12 CMakeFiles/stackcalcpi.dir/home/max/projects/pico/pico-sdk/src/common/pico_time/time.c.obj
 *fill*         0x100056d2        0x2 
 .rodata.__func__.7
                0x100056d4        0xf CMakeFiles/stackcalcpi.dir/home/max/projects/pico/pico-sdk/src/common/pico_time/time.c.obj
 *fill*         0x100056e3        0x1 
 .rodata.__func__.8
                0x100056e4        0xc CMakeFiles/stackcalcpi.dir/home/max/projects/pico/pico-sdk/src/common/pico_time/time.c.obj
 .rodata.__func__.9
                0x100056f0       0x15 CMakeFiles/stackcalcpi.dir/home/max/projects/pico/pico-sdk/src/common/pico_time/time.c.obj
 *fill*         0x10005705        0x3 
 .rodata.__func__.10
                0x10005708       0x15 CMakeFiles/stackcalcpi.dir/home/max/projects/pico/pico-sdk/src/common/pico_time/time.c.obj
 *fill*         0x1000571d        0x3 
 .rodata.__func__.11
                0x10005720       0x1a CMakeFiles/stackcalcpi.dir/home/max/projects/pico/pico-sdk/src/common/pico_time/time.c.obj
 *fill*         0x1000573a        0x2 
 .rodata.__func__.12
                0x1000573c        0xa CMakeFiles/stackcalcpi.dir/home/max/projects/pico/pico-sdk/src/common/pico_time/time.c.obj
 .rodata.update_us_since_boot.str1.4
                0x10005746       0x67 CMakeFiles/stackcalcpi.dir/home/max/projects/pico/pico-sdk/src/rp2_common/hardware_timer/timer.c.obj
 .rodata.hardware_alarm_claim.str1.4
                0x10005746       0x22 CMakeFiles/stackcalcpi.dir/home/max/projects/pico/pico-sdk/src/rp2_common/hardware_timer/timer.c.obj
 .rodata.hardware_alarm_set_target.str1.4
                0x10005746       0x6b CMakeFiles/stackcalcpi.dir/home/max/projects/pico/pico-sdk/src/rp2_common/hardware_timer/timer.c.obj
 *fill*         0x10005746        0x2 
 .rodata.__func__.0
                0x10005748       0x1a CMakeFiles/stackcalcpi.dir/home/max/projects/pico/pico-sdk/src/rp2_common/hardware_timer/timer.c.obj
 *fill*         0x10005762        0x2 
 .rodata.__func__.1
                0x10005764       0x15 CMakeFiles/stackcalcpi.dir/home/max/projects/pico/pico-sdk/src/rp2_common/hardware_timer/timer.c.obj
 .rodata.ph_get_node.str1.4
                0x10005779       0x6c CMakeFiles/stackcalcpi.dir/home/max/projects/pico/pico-sdk/src/common/pico_util/pheap.c.obj
 .rodata.ph_add_child_node.str1.4
                0x10005779       0x2e CMakeFiles/stackcalcpi.dir/home/max/projects/pico/pico-sdk/src/common/pico_util/pheap.c.obj
 .rodata.ph_remove_any_head.str1.4
                0x10005779       0xa8 CMakeFiles/stackcalcpi.dir/home/max/projects/pico/pico-sdk/src/common/pico_util/pheap.c.obj
 .rodata.ph_remove_and_free_node.str1.4
                0x10005779       0x26 CMakeFiles/stackcalcpi.dir/home/max/projects/pico/pico-sdk/src/common/pico_util/pheap.c.obj
 *fill*         0x10005779        0x3 
 .rodata.__func__.0
                0x1000577c       0x18 CMakeFiles/stackcalcpi.dir/home/max/projects/pico/pico-sdk/src/common/pico_util/pheap.c.obj
 .rodata.__func__.1
                0x10005794       0x13 CMakeFiles/stackcalcpi.dir/home/max/projects/pico/pico-sdk/src/common/pico_util/pheap.c.obj
 *fill*         0x100057a7        0x1 
 .rodata.__func__.2
                0x100057a8       0x12 CMakeFiles/stackcalcpi.dir/home/max/projects/pico/pico-sdk/src/common/pico_util/pheap.c.obj
 *fill*         0x100057ba        0x2 
 .rodata.__func__.3
                0x100057bc        0xc CMakeFiles/stackcalcpi.dir/home/max/projects/pico/pico-sdk/src/common/pico_util/pheap.c.obj
 .rodata.clock_configure.str1.4
                0x100057c8       0x5d CMakeFiles/stackcalcpi.dir/home/max/projects/pico/pico-sdk/src/rp2_common/hardware_clocks/clocks.c.obj
 .rodata.__func__.1
                0x100057c8       0x10 CMakeFiles/stackcalcpi.dir/home/max/projects/pico/pico-sdk/src/rp2_common/hardware_clocks/clocks.c.obj
 .rodata.pll_init.str1.4
                0x100057d8      0x128 CMakeFiles/stackcalcpi.dir/home/max/projects/pico/pico-sdk/src/rp2_common/hardware_pll/pll.c.obj
 .rodata.__func__.0
                0x100057d8        0x9 CMakeFiles/stackcalcpi.dir/home/max/projects/pico/pico-sdk/src/rp2_common/hardware_pll/pll.c.obj
 .rodata.__assert_func.str1.4
                0x100057e1       0x43 CMakeFiles/stackcalcpi.dir/home/max/projects/pico/pico-sdk/src/rp2_common/pico_runtime/runtime.c.obj
 .rodata.runtime_init.str1.4
                0x100057e1       0x67 CMakeFiles/stackcalcpi.dir/home/max/projects/pico/pico-sdk/src/rp2_common/pico_runtime/runtime.c.obj
 .rodata.panic.str1.4
                0x100057e1       0x12 CMakeFiles/stackcalcpi.dir/home/max/projects/pico/pico-sdk/src/rp2_common/pico_runtime/runtime.c.obj
 *fill*         0x100057e1        0x3 
 .rodata.__func__.2
                0x100057e4        0xd CMakeFiles/stackcalcpi.dir/home/max/projects/pico/pico-sdk/src/rp2_common/pico_runtime/runtime.c.obj
 .rodata._ftoa.str1.4
                0x100057f1       0x15 CMakeFiles/stackcalcpi.dir/home/max/projects/pico/pico-sdk/src/rp2_common/pico_printf/printf.c.obj
 *fill*         0x100057f1        0x3 
 .rodata._vsnprintf
                0x100057f4      0x19c CMakeFiles/stackcalcpi.dir/home/max/projects/pico/pico-sdk/src/rp2_common/pico_printf/printf.c.obj
 .rodata.pow10.0
                0x10005990       0x50 CMakeFiles/stackcalcpi.dir/home/max/projects/pico/pico-sdk/src/rp2_common/pico_printf/printf.c.obj
 .rodata.__aeabi_double_init.str1.4
                0x100059e0       0xa2 CMakeFiles/stackcalcpi.dir/home/max/projects/pico/pico-sdk/src/rp2_common/pico_double/double_init_rom.c.obj
 .rodata.__func__.0
                0x100059e0       0x14 CMakeFiles/stackcalcpi.dir/home/max/projects/pico/pico-sdk/src/rp2_common/pico_double/double_init_rom.c.obj
 .rodata.__aeabi_float_init.str1.4
                0x100059f4       0x84 CMakeFiles/stackcalcpi.dir/home/max/projects/pico/pico-sdk/src/rp2_common/pico_float/float_init_rom.c.obj
 .rodata.__func__.0
                0x100059f4       0x13 CMakeFiles/stackcalcpi.dir/home/max/projects/pico/pico-sdk/src/rp2_common/pico_float/float_init_rom.c.obj
 .rodata.str1.4
                0x10005a07       0x44 CMakeFiles/stackcalcpi.dir/home/max/projects/pico/pico-sdk/src/rp2_common/pico_standard_link/binary_info.c.obj
 *fill*         0x10005a07        0x1 
 .rodata.__bi_81
                0x10005a08        0xc CMakeFiles/stackcalcpi.dir/home/max/projects/pico/pico-sdk/src/rp2_common/pico_standard_link/binary_info.c.obj
 .rodata.__bi_75
                0x10005a14        0xc CMakeFiles/stackcalcpi.dir/home/max/projects/pico/pico-sdk/src/rp2_common/pico_standard_link/binary_info.c.obj
 .rodata.__bi_56
                0x10005a20        0xc CMakeFiles/stackcalcpi.dir/home/max/projects/pico/pico-sdk/src/rp2_common/pico_standard_link/binary_info.c.obj
 .rodata.__bi_44
                0x10005a2c        0xc CMakeFiles/stackcalcpi.dir/home/max/projects/pico/pico-sdk/src/rp2_common/pico_standard_link/binary_info.c.obj
 .rodata.update_us_since_boot.str1.4
                0x10005a38       0x67 CMakeFiles/stackcalcpi.dir/home/max/projects/pico/pico-sdk/src/rp2_common/pico_stdio/stdio.c.obj
 .rodata.crlf_str.2
                0x10005a38        0x2 CMakeFiles/stackcalcpi.dir/home/max/projects/pico/pico-sdk/src/rp2_common/pico_stdio/stdio.c.obj
 *fill*         0x10005a3a        0x2 
 .rodata.__func__.3
                0x10005a3c       0x15 CMakeFiles/stackcalcpi.dir/home/max/projects/pico/pico-sdk/src/rp2_common/pico_stdio/stdio.c.obj
 .rodata.str1.4
                0x10005a51       0x2c CMakeFiles/stackcalcpi.dir/home/max/projects/pico/pico-sdk/src/rp2_common/pico_stdio_uart/stdio_uart.c.obj
 *fill*         0x10005a51        0x3 
 .rodata.__bi_33.4
                0x10005a54        0xc CMakeFiles/stackcalcpi.dir/home/max/projects/pico/pico-sdk/src/rp2_common/pico_stdio_uart/stdio_uart.c.obj
 .rodata.__bi_34.5
                0x10005a60        0x8 CMakeFiles/stackcalcpi.dir/home/max/projects/pico/pico-sdk/src/rp2_common/pico_stdio_uart/stdio_uart.c.obj
                0x10005a68                        . = ALIGN (0x4)
 *(SORT_BY_ALIGNMENT(SORT_BY_NAME(.flashdata*)))
                0x10005a68                        . = ALIGN (0x4)

.ARM.extab
 *(.ARM.extab* .gnu.linkonce.armextab.*)
                0x10005a68                        __exidx_start = .

.ARM.exidx
 *(.ARM.exidx* .gnu.linkonce.armexidx.*)
                0x10005a68                        __exidx_end = .
                0x10005a68                        . = ALIGN (0x4)
                0x10005a68                        __binary_info_start = .

.binary_info    0x10005a68       0x28
 *(.binary_info.keep.*)
 .binary_info.keep.__bi_ptr81
                0x10005a68        0x4 CMakeFiles/stackcalcpi.dir/home/max/projects/pico/pico-sdk/src/rp2_common/pico_standard_link/binary_info.c.obj
 .binary_info.keep.__bi_ptr75
                0x10005a6c        0x4 CMakeFiles/stackcalcpi.dir/home/max/projects/pico/pico-sdk/src/rp2_common/pico_standard_link/binary_info.c.obj
 .binary_info.keep.__bi_ptr56
                0x10005a70        0x4 CMakeFiles/stackcalcpi.dir/home/max/projects/pico/pico-sdk/src/rp2_common/pico_standard_link/binary_info.c.obj
 .binary_info.keep.__bi_ptr50
                0x10005a74        0x4 CMakeFiles/stackcalcpi.dir/home/max/projects/pico/pico-sdk/src/rp2_common/pico_standard_link/binary_info.c.obj
 .binary_info.keep.__bi_ptr44
                0x10005a78        0x4 CMakeFiles/stackcalcpi.dir/home/max/projects/pico/pico-sdk/src/rp2_common/pico_standard_link/binary_info.c.obj
 .binary_info.keep.__bi_ptr38
                0x10005a7c        0x4 CMakeFiles/stackcalcpi.dir/home/max/projects/pico/pico-sdk/src/rp2_common/pico_standard_link/binary_info.c.obj
 .binary_info.keep.__bi_ptr30
                0x10005a80        0x4 CMakeFiles/stackcalcpi.dir/home/max/projects/pico/pico-sdk/src/rp2_common/pico_standard_link/binary_info.c.obj
 .binary_info.keep.__bi_ptr22
                0x10005a84        0x4 CMakeFiles/stackcalcpi.dir/home/max/projects/pico/pico-sdk/src/rp2_common/pico_standard_link/binary_info.c.obj
 *(.binary_info.*)
 .binary_info.__bi_ptr34
                0x10005a88        0x4 CMakeFiles/stackcalcpi.dir/home/max/projects/pico/pico-sdk/src/rp2_common/pico_stdio_uart/stdio_uart.c.obj
 .binary_info.__bi_ptr33
                0x10005a8c        0x4 CMakeFiles/stackcalcpi.dir/home/max/projects/pico/pico-sdk/src/rp2_common/pico_stdio_uart/stdio_uart.c.obj
                0x10005a90                        __binary_info_end = .

.rel.dyn        0x10005a90        0x0
 .rel.iplt      0x10005a90        0x0 /usr/bin/../lib/gcc/arm-none-eabi/13.3.1/thumb/v6-m/nofp/crtbegin.o
                0x10005a90                        . = ALIGN (0x4)

.ram_vector_table
                0x20000000       0xc0
 *(.ram_vector_table)
 .ram_vector_table
                0x20000000       0xc0 CMakeFiles/stackcalcpi.dir/home/max/projects/pico/pico-sdk/src/rp2_common/pico_runtime/runtime.c.obj
                0x20000000                ram_vector_table

.data           0x200000c0      0x244 load address 0x10005a90
                0x200000c0                        __data_start__ = .
 *(vtable)
 *(.time_critical*)
 .time_critical.mutex_try_enter
                0x200000c0       0x46 CMakeFiles/stackcalcpi.dir/home/max/projects/pico/pico-sdk/src/common/pico_sync/mutex.c.obj
                0x200000c0                mutex_try_enter
 *fill*         0x20000106        0x2 
 .time_critical.mutex_enter_block_until
                0x20000108       0x8c CMakeFiles/stackcalcpi.dir/home/max/projects/pico/pico-sdk/src/common/pico_sync/mutex.c.obj
                0x20000108                mutex_enter_block_until
 .time_critical.mutex_try_enter_block_until
                0x20000194       0x34 CMakeFiles/stackcalcpi.dir/home/max/projects/pico/pico-sdk/src/common/pico_sync/mutex.c.obj
                0x20000194                mutex_try_enter_block_until
 .time_critical.mutex_exit
                0x200001c8       0x4c CMakeFiles/stackcalcpi.dir/home/max/projects/pico/pico-sdk/src/common/pico_sync/mutex.c.obj
                0x200001c8                mutex_exit
 *(.text*)
 .text          0x20000214        0x4 /usr/bin/../lib/gcc/arm-none-eabi/13.3.1/thumb/v6-m/nofp/libgcc.a(_dvmd_tls.o)
                0x20000214                __aeabi_ldiv0
                0x20000214                __aeabi_idiv0
 .text.__stub   0x20000218       0x20 linker stubs
                0x20000238                        . = ALIGN (0x4)
 *(.rodata*)
                0x20000238                        . = ALIGN (0x4)
 *(.data*)
 .data.striped_spin_lock_num
                0x20000238        0x1 CMakeFiles/stackcalcpi.dir/home/max/projects/pico/pico-sdk/src/rp2_common/hardware_sync/sync.c.obj
 *fill*         0x20000239        0x3 
 .data          0x2000023c       0x48 CMakeFiles/stackcalcpi.dir/home/max/projects/pico/pico-sdk/src/rp2_common/hardware_irq/irq_handler_chain.S.obj
                0x2000023c                irq_handler_chain_slots
                0x2000026c                irq_handler_chain_first_slot
                0x20000276                irq_handler_chain_remove_tail
 .data.default_alarm_pool
                0x20000284       0x18 CMakeFiles/stackcalcpi.dir/home/max/projects/pico/pico-sdk/src/common/pico_time/time.c.obj
 .data.default_alarm_pool_heap
                0x2000029c       0x10 CMakeFiles/stackcalcpi.dir/home/max/projects/pico/pico-sdk/src/common/pico_time/time.c.obj
 *fill*         0x200002ac        0x4 
 .data.aeabi_bits_funcs
                0x200002b0       0x10 CMakeFiles/stackcalcpi.dir/home/max/projects/pico/pico-sdk/src/rp2_common/pico_bit_ops/bit_ops_aeabi.S.obj
                0x200002b0                aeabi_bits_funcs
                0x200002c0                aeabi_bits_funcs_end
 .data.aeabi_mem_funcs
                0x200002c0       0x10 CMakeFiles/stackcalcpi.dir/home/max/projects/pico/pico-sdk/src/rp2_common/pico_mem_ops/mem_ops_aeabi.S.obj
                0x200002c0                aeabi_mem_funcs
                0x200002d0                aeabi_mem_funcs_end
 .data.stdio_uart
                0x200002d0       0x18 CMakeFiles/stackcalcpi.dir/home/max/projects/pico/pico-sdk/src/rp2_common/pico_stdio_uart/stdio_uart.c.obj
                0x200002d0                stdio_uart
                0x200002e8                        . = ALIGN (0x4)
 *(.after_data.*)
                0x200002e8                        . = ALIGN (0x4)
                0x200002e8                        PROVIDE (__mutex_array_start = .)
 *(SORT_BY_NAME(.mutex_array.*))
 *(.mutex_array)
 .mutex_array   0x200002e8        0x8 CMakeFiles/stackcalcpi.dir/home/max/projects/pico/pico-sdk/src/rp2_common/pico_stdio/stdio.c.obj
                0x200002f0                        PROVIDE (__mutex_array_end = .)
                0x200002f0                        . = ALIGN (0x4)
                0x200002f0                        PROVIDE (__preinit_array_start = .)
 *(SORT_BY_NAME(.preinit_array.*))
 .preinit_array.00001
                0x200002f0        0x4 CMakeFiles/stackcalcpi.dir/home/max/projects/pico/pico-sdk/src/rp2_common/pico_mem_ops/mem_ops_aeabi.S.obj
 .preinit_array.00010
                0x200002f4        0x4 CMakeFiles/stackcalcpi.dir/home/max/projects/pico/pico-sdk/src/rp2_common/pico_bit_ops/bit_ops_aeabi.S.obj
 .preinit_array.00020
                0x200002f8        0x4 CMakeFiles/stackcalcpi.dir/home/max/projects/pico/pico-sdk/src/rp2_common/pico_double/double_aeabi.S.obj
 .preinit_array.00020
                0x200002fc        0x4 CMakeFiles/stackcalcpi.dir/home/max/projects/pico/pico-sdk/src/rp2_common/pico_float/float_aeabi.S.obj
 *(.preinit_array)
                0x20000300                        PROVIDE (__preinit_array_end = .)
                0x20000300                        . = ALIGN (0x4)
                0x20000300                        PROVIDE (__init_array_start = .)
 *(SORT_BY_NAME(.init_array.*))
 *(.init_array)
 .init_array    0x20000300        0x4 /usr/bin/../lib/gcc/arm-none-eabi/13.3.1/thumb/v6-m/nofp/crtbegin.o
                0x20000304                        PROVIDE (__init_array_end = .)
                0x20000304                        . = ALIGN (0x4)
                [!provide]                        PROVIDE (__fini_array_start = .)
 *(SORT_BY_NAME(.fini_array.*))
 *(.fini_array)
                [!provide]                        PROVIDE (__fini_array_end = .)
 *(.jcr)
                0x20000304                        . = ALIGN (0x4)
                0x20000304                        __data_end__ = .
                0x10005a90                        __etext = LOADADDR (.data)

.tm_clone_table
                0x20000304        0x0 load address 0x10005cd4
 .tm_clone_table
                0x20000304        0x0 /usr/bin/../lib/gcc/arm-none-eabi/13.3.1/thumb/v6-m/nofp/crtbegin.o
 .tm_clone_table
                0x20000304        0x0 /usr/bin/../lib/gcc/arm-none-eabi/13.3.1/thumb/v6-m/nofp/crtend.o

.igot.plt       0x20000304        0x0 load address 0x10005cd4
 .igot.plt      0x20000304        0x0 /usr/bin/../lib/gcc/arm-none-eabi/13.3.1/thumb/v6-m/nofp/crtbegin.o

.uninitialized_data
                0x20000304        0x0 load address 0x10005cd4
                0x20000304                        . = ALIGN (0x4)
 *(.uninitialized_data*)

.scratch_x      0x20040000        0x0 load address 0x10005cd4
                0x20040000                        __scratch_x_start__ = .
 *(.scratch_x.*)
                0x20040000                        . = ALIGN (0x4)
                0x20040000                        __scratch_x_end__ = .
                0x10005cd4                        __scratch_x_source__ = LOADADDR (.scratch_x)

.scratch_y      0x20041000        0x0 load address 0x10005cd4
                0x20041000                        __scratch_y_start__ = .
 *(.scratch_y.*)
                0x20041000                        . = ALIGN (0x4)
                0x20041000                        __scratch_y_end__ = .
                0x10005cd4                        __scratch_y_source__ = LOADADDR (.scratch_y)

.bss            0x20000308      0x3d4
                0x20000308                        . = ALIGN (0x4)
                0x20000308                        __bss_start__ = .
 *(SORT_BY_ALIGNMENT(SORT_BY_NAME(.bss*)))
 .bss.default_alarm_pool_entries
                0x20000308      0x100 CMakeFiles/stackcalcpi.dir/home/max/projects/pico/pico-sdk/src/common/pico_time/time.c.obj
 .bss.alarm_callbacks
                0x20000408       0x10 CMakeFiles/stackcalcpi.dir/home/max/projects/pico/pico-sdk/src/rp2_common/hardware_timer/timer.c.obj
 .bss.chars_available_callback
                0x20000418        0x4 CMakeFiles/stackcalcpi.dir/home/max/projects/pico/pico-sdk/src/rp2_common/pico_stdio_uart/stdio_uart.c.obj
 .bss.chars_available_param
                0x2000041c        0x4 CMakeFiles/stackcalcpi.dir/home/max/projects/pico/pico-sdk/src/rp2_common/pico_stdio_uart/stdio_uart.c.obj
 .bss.configured_freq
                0x20000420       0x28 CMakeFiles/stackcalcpi.dir/home/max/projects/pico/pico-sdk/src/rp2_common/hardware_clocks/clocks.c.obj
 .bss.default_alarm_pool_entry_ids_high
                0x20000448       0x10 CMakeFiles/stackcalcpi.dir/home/max/projects/pico/pico-sdk/src/common/pico_time/time.c.obj
 .bss.default_alarm_pool_heap_nodes
                0x20000458       0x30 CMakeFiles/stackcalcpi.dir/home/max/projects/pico/pico-sdk/src/common/pico_time/time.c.obj
 .bss.drivers   0x20000488        0x4 CMakeFiles/stackcalcpi.dir/home/max/projects/pico/pico-sdk/src/rp2_common/pico_stdio/stdio.c.obj
 .bss.filter    0x2000048c        0x4 CMakeFiles/stackcalcpi.dir/home/max/projects/pico/pico-sdk/src/rp2_common/pico_stdio/stdio.c.obj
 .bss.object.0  0x20000490       0x18 /usr/bin/../lib/gcc/arm-none-eabi/13.3.1/thumb/v6-m/nofp/crtbegin.o
 .bss.pools     0x200004a8       0x10 CMakeFiles/stackcalcpi.dir/home/max/projects/pico/pico-sdk/src/common/pico_time/time.c.obj
 .bss.sd_table  0x200004b8      0x100 CMakeFiles/stackcalcpi.dir/home/max/projects/pico/pico-sdk/src/rp2_common/pico_double/double_init_rom.c.obj
                0x200004b8                sd_table
 .bss.sf_clz_func
                0x200005b8        0x4 CMakeFiles/stackcalcpi.dir/home/max/projects/pico/pico-sdk/src/rp2_common/pico_double/double_init_rom.c.obj
                0x200005b8                sf_clz_func
 .bss.sf_table  0x200005bc      0x100 CMakeFiles/stackcalcpi.dir/home/max/projects/pico/pico-sdk/src/rp2_common/pico_float/float_init_rom.c.obj
                0x200005bc                sf_table
 .bss.sleep_notifier
                0x200006bc        0x4 CMakeFiles/stackcalcpi.dir/home/max/projects/pico/pico-sdk/src/common/pico_time/time.c.obj
 .bss.target_hi
                0x200006c0       0x10 CMakeFiles/stackcalcpi.dir/home/max/projects/pico/pico-sdk/src/rp2_common/hardware_timer/timer.c.obj
 .bss.uart_char_to_line_feed
                0x200006d0        0x4 CMakeFiles/stackcalcpi.dir/home/max/projects/pico/pico-sdk/src/rp2_common/hardware_uart/uart.c.obj
                0x200006d0                uart_char_to_line_feed
 .bss.uart_instance
                0x200006d4        0x4 CMakeFiles/stackcalcpi.dir/home/max/projects/pico/pico-sdk/src/rp2_common/pico_stdio_uart/stdio_uart.c.obj
 .bss.claimed   0x200006d8        0x1 CMakeFiles/stackcalcpi.dir/home/max/projects/pico/pico-sdk/src/rp2_common/hardware_timer/timer.c.obj
 .bss.irq_hander_chain_free_slot_head
                0x200006d9        0x1 CMakeFiles/stackcalcpi.dir/home/max/projects/pico/pico-sdk/src/rp2_common/hardware_irq/irq.c.obj
 .bss.timer_callbacks_pending
                0x200006da        0x1 CMakeFiles/stackcalcpi.dir/home/max/projects/pico/pico-sdk/src/rp2_common/hardware_timer/timer.c.obj
 *(COMMON)
                0x200006dc                        . = ALIGN (0x4)
 *fill*         0x200006db        0x1 
                0x200006dc                        __bss_end__ = .

.heap           0x200006dc      0x800
                0x200006dc                        __end__ = .
                0x200006dc                        end = __end__
 *(.heap*)
 .heap          0x200006dc      0x800 CMakeFiles/stackcalcpi.dir/home/max/projects/pico/pico-sdk/src/rp2_common/pico_standard_link/crt0.S.obj
                0x20000edc                        __HeapLimit = .

.stack1_dummy
 *(.stack1*)

.stack_dummy    0x20041000      0x800
 *(.stack*)
 .stack         0x20041000      0x800 CMakeFiles/stackcalcpi.dir/home/max/projects/pico/pico-sdk/src/rp2_common/pico_standard_link/crt0.S.obj

.flash_end      0x10005cd4        0x0
                0x10005cd4                        PROVIDE (__flash_binary_end = .)
                0x20040000                        __StackLimit = (ORIGIN (RAM) + LENGTH (RAM))
                0x20041000                        __StackOneTop = (ORIGIN (SCRATCH_X) + LENGTH (SCRATCH_X))
                0x20042000                        __StackTop = (ORIGIN (SCRATCH_Y) + LENGTH (SCRATCH_Y))
                0x20041000                        __StackOneBottom = (__StackOneTop - SIZEOF (.stack1_dummy))
                0x20041800                        __StackBottom = (__StackTop - SIZEOF (.stack_dummy))
                0x20042000                        PROVIDE (__stack = __StackTop)
                0x00000001                        ASSERT ((__StackLimit >= __HeapLimit), region RAM overflowed)
                0x00000001                        ASSERT (((__binary_info_header_end - __logical_binary_start) <= 0x100), Binary info must be in first 256 bytes of the binary)
LOAD CMakeFiles/stackcalcpi.dir/stackcalcpi.c.obj
LOAD CMakeFiles/stackcalcpi.dir/home/max/projects/pico/pico-sdk/src/rp2_common/pico_stdlib/stdlib.c.obj
LOAD CMakeFiles/stackcalcpi.dir/home/max/projects/pico/pico-sdk/src/rp2_common/hardware_gpio/gpio.c.obj
LOAD CMakeFiles/stackcalcpi.dir/home/max/projects/pico/pico-sdk/src/rp2_common/pico_platform/platform.c.obj
LOAD CMakeFiles/stackcalcpi.dir/home/max/projects/pico/pico-sdk/src/rp2_common/hardware_claim/claim.c.obj
LOAD CMakeFiles/stackcalcpi.dir/home/max/projects/pico/pico-sdk/src/rp2_common/hardware_sync/sync.c.obj
LOAD CMakeFiles/stackcalcpi.dir/home/max/projects/pico/pico-sdk/src/rp2_common/hardware_irq/irq.c.obj
LOAD CMakeFiles/stackcalcpi.dir/home/max/projects/pico/pico-sdk/src/rp2_common/hardware_irq/irq_handler_chain.S.obj
LOAD CMakeFiles/stackcalcpi.dir/home/max/projects/pico/pico-sdk/src/common/pico_sync/sem.c.obj
LOAD CMakeFiles/stackcalcpi.dir/home/max/projects/pico/pico-sdk/src/common/pico_sync/lock_core.c.obj
LOAD CMakeFiles/stackcalcpi.dir/home/max/projects/pico/pico-sdk/src/common/pico_sync/mutex.c.obj
LOAD CMakeFiles/stackcalcpi.dir/home/max/projects/pico/pico-sdk/src/common/pico_sync/critical_section.c.obj
LOAD CMakeFiles/stackcalcpi.dir/home/max/projects/pico/pico-sdk/src/common/pico_time/time.c.obj
LOAD CMakeFiles/stackcalcpi.dir/home/max/projects/pico/pico-sdk/src/common/pico_time/timeout_helper.c.obj
LOAD CMakeFiles/stackcalcpi.dir/home/max/projects/pico/pico-sdk/src/rp2_common/hardware_timer/timer.c.obj
LOAD CMakeFiles/stackcalcpi.dir/home/max/projects/pico/pico-sdk/src/common/pico_util/datetime.c.obj
LOAD CMakeFiles/stackcalcpi.dir/home/max/projects/pico/pico-sdk/src/common/pico_util/pheap.c.obj
LOAD CMakeFiles/stackcalcpi.dir/home/max/projects/pico/pico-sdk/src/common/pico_util/queue.c.obj
LOAD CMakeFiles/stackcalcpi.dir/home/max/projects/pico/pico-sdk/src/rp2_common/hardware_uart/uart.c.obj
LOAD CMakeFiles/stackcalcpi.dir/home/max/projects/pico/pico-sdk/src/rp2_common/hardware_clocks/clocks.c.obj
LOAD CMakeFiles/stackcalcpi.dir/home/max/projects/pico/pico-sdk/src/rp2_common/hardware_pll/pll.c.obj
LOAD CMakeFiles/stackcalcpi.dir/home/max/projects/pico/pico-sdk/src/rp2_common/hardware_vreg/vreg.c.obj
LOAD CMakeFiles/stackcalcpi.dir/home/max/projects/pico/pico-sdk/src/rp2_common/hardware_watchdog/watchdog.c.obj
LOAD CMakeFiles/stackcalcpi.dir/home/max/projects/pico/pico-sdk/src/rp2_common/hardware_xosc/xosc.c.obj
LOAD CMakeFiles/stackcalcpi.dir/home/max/projects/pico/pico-sdk/src/rp2_common/hardware_divider/divider.S.obj
LOAD CMakeFiles/stackcalcpi.dir/home/max/projects/pico/pico-sdk/src/rp2_common/pico_runtime/runtime.c.obj
LOAD CMakeFiles/stackcalcpi.dir/home/max/projects/pico/pico-sdk/src/rp2_common/pico_printf/printf.c.obj
LOAD CMakeFiles/stackcalcpi.dir/home/max/projects/pico/pico-sdk/src/rp2_common/pico_bit_ops/bit_ops_aeabi.S.obj
LOAD CMakeFiles/stackcalcpi.dir/home/max/projects/pico/pico-sdk/src/rp2_common/pico_bootrom/bootrom.c.obj
LOAD CMakeFiles/stackcalcpi.dir/home/max/projects/pico/pico-sdk/src/rp2_common/pico_divider/divider.S.obj
LOAD CMakeFiles/stackcalcpi.dir/home/max/projects/pico/pico-sdk/src/rp2_common/pico_double/double_aeabi.S.obj
LOAD CMakeFiles/stackcalcpi.dir/home/max/projects/pico/pico-sdk/src/rp2_common/pico_double/double_init_rom.c.obj
LOAD CMakeFiles/stackcalcpi.dir/home/max/projects/pico/pico-sdk/src/rp2_common/pico_double/double_math.c.obj
LOAD CMakeFiles/stackcalcpi.dir/home/max/projects/pico/pico-sdk/src/rp2_common/pico_double/double_v1_rom_shim.S.obj
LOAD CMakeFiles/stackcalcpi.dir/home/max/projects/pico/pico-sdk/src/rp2_common/pico_int64_ops/pico_int64_ops_aeabi.S.obj
LOAD CMakeFiles/stackcalcpi.dir/home/max/projects/pico/pico-sdk/src/rp2_common/pico_float/float_aeabi.S.obj
LOAD CMakeFiles/stackcalcpi.dir/home/max/projects/pico/pico-sdk/src/rp2_common/pico_float/float_init_rom.c.obj
LOAD CMakeFiles/stackcalcpi.dir/home/max/projects/pico/pico-sdk/src/rp2_common/pico_float/float_math.c.obj
LOAD CMakeFiles/stackcalcpi.dir/home/max/projects/pico/pico-sdk/src/rp2_common/pico_float/float_v1_rom_shim.S.obj
LOAD CMakeFiles/stackcalcpi.dir/home/max/projects/pico/pico-sdk/src/rp2_common/pico_malloc/pico_malloc.c.obj
LOAD CMakeFiles/stackcalcpi.dir/home/max/projects/pico/pico-sdk/src/rp2_common/pico_mem_ops/mem_ops_aeabi.S.obj
LOAD CMakeFiles/stackcalcpi.dir/home/max/projects/pico/pico-sdk/src/rp2_common/pico_standard_link/crt0.S.obj
LOAD CMakeFiles/stackcalcpi.dir/home/max/projects/pico/pico-sdk/src/rp2_common/pico_standard_link/new_delete.cpp.obj
LOAD CMakeFiles/stackcalcpi.dir/home/max/projects/pico/pico-sdk/src/rp2_common/pico_standard_link/binary_info.c.obj
LOAD CMakeFiles/stackcalcpi.dir/home/max/projects/pico/pico-sdk/src/rp2_common/pico_stdio/stdio.c.obj
LOAD CMakeFiles/stackcalcpi.dir/home/max/projects/pico/pico-sdk/src/rp2_common/pico_stdio_uart/stdio_uart.c.obj
LOAD /tmp/cc9bFg9R.o
LOAD /usr/bin/../lib/gcc/arm-none-eabi/13.3.1/../../../../arm-none-eabi/lib/thumb/v6-m/nofp/libstdc++.a
LOAD /usr/bin/../lib/gcc/arm-none-eabi/13.3.1/../../../../arm-none-eabi/lib/thumb/v6-m/nofp/libm.a
START GROUP
LOAD /usr/bin/../lib/gcc/arm-none-eabi/13.3.1/thumb/v6-m/nofp/libgcc.a
LOAD /usr/bin/../lib/gcc/arm-none-eabi/13.3.1/../../../../arm-none-eabi/lib/thumb/v6-m/nofp/libg.a
LOAD /usr/bin/../lib/gcc/arm-none-eabi/13.3.1/../../../../arm-none-eabi/lib/thumb/v6-m/nofp/libc.a
END GROUP
START GROUP
LOAD /usr/bin/../lib/gcc/arm-none-eabi/13.3.1/thumb/v6-m/nofp/libgcc.a
LOAD /usr/bin/../lib/gcc/arm-none-eabi/13.3.1/../../../../arm-none-eabi/lib/thumb/v6-m/nofp/libc.a
LOAD /usr/bin/../lib/gcc/arm-none-eabi/13.3.1/../../../../arm-none-eabi/lib/thumb/v6-m/nofp/libnosys.a
END GROUP
LOAD /usr/bin/../lib/gcc/arm-none-eabi/13.3.1/thumb/v6-m/nofp/crtend.o
LOAD /usr/bin/../lib/gcc/arm-none-eabi/13.3.1/thumb/v6-m/nofp/crtn.o
OUTPUT(stackcalcpi.elf elf32-littlearm)
LOAD linker stubs

.ARM.attributes
                0x00000000       0x28
 .ARM.attributes
                0x00000000       0x1e /usr/bin/../lib/gcc/arm-none-eabi/13.3.1/thumb/v6-m/nofp/crti.o
 .ARM.attributes
                0x0000001e       0x2c /usr/bin/../lib/gcc/arm-none-eabi/13.3.1/thumb/v6-m/nofp/crtbegin.o
 .ARM.attributes
                0x0000004a       0x2c CMakeFiles/stackcalcpi.dir/stackcalcpi.c.obj
 .ARM.attributes
                0x00000076       0x2c CMakeFiles/stackcalcpi.dir/home/max/projects/pico/pico-sdk/src/rp2_common/hardware_gpio/gpio.c.obj
 .ARM.attributes
                0x000000a2       0x2c CMakeFiles/stackcalcpi.dir/home/max/projects/pico/pico-sdk/src/rp2_common/pico_platform/platform.c.obj
 .ARM.attributes
                0x000000ce       0x2c CMakeFiles/stackcalcpi.dir/home/max/projects/pico/pico-sdk/src/rp2_common/hardware_claim/claim.c.obj
 .ARM.attributes
                0x000000fa       0x2c CMakeFiles/stackcalcpi.dir/home/max/projects/pico/pico-sdk/src/rp2_common/hardware_sync/sync.c.obj
 .ARM.attributes
                0x00000126       0x2c CMakeFiles/stackcalcpi.dir/home/max/projects/pico/pico-sdk/src/rp2_common/hardware_irq/irq.c.obj
 .ARM.attributes
                0x00000152       0x22 CMakeFiles/stackcalcpi.dir/home/max/projects/pico/pico-sdk/src/rp2_common/hardware_irq/irq_handler_chain.S.obj
 .ARM.attributes
                0x00000174       0x2c CMakeFiles/stackcalcpi.dir/home/max/projects/pico/pico-sdk/src/common/pico_sync/lock_core.c.obj
 .ARM.attributes
                0x000001a0       0x2c CMakeFiles/stackcalcpi.dir/home/max/projects/pico/pico-sdk/src/common/pico_sync/mutex.c.obj
 .ARM.attributes
                0x000001cc       0x2c CMakeFiles/stackcalcpi.dir/home/max/projects/pico/pico-sdk/src/common/pico_time/time.c.obj
 .ARM.attributes
                0x000001f8       0x2c CMakeFiles/stackcalcpi.dir/home/max/projects/pico/pico-sdk/src/rp2_common/hardware_timer/timer.c.obj
 .ARM.attributes
                0x00000224       0x2c CMakeFiles/stackcalcpi.dir/home/max/projects/pico/pico-sdk/src/common/pico_util/pheap.c.obj
 .ARM.attributes
                0x00000250       0x2c CMakeFiles/stackcalcpi.dir/home/max/projects/pico/pico-sdk/src/rp2_common/hardware_uart/uart.c.obj
 .ARM.attributes
                0x0000027c       0x2c CMakeFiles/stackcalcpi.dir/home/max/projects/pico/pico-sdk/src/rp2_common/hardware_clocks/clocks.c.obj
 .ARM.attributes
                0x000002a8       0x2c CMakeFiles/stackcalcpi.dir/home/max/projects/pico/pico-sdk/src/rp2_common/hardware_pll/pll.c.obj
 .ARM.attributes
                0x000002d4       0x2c CMakeFiles/stackcalcpi.dir/home/max/projects/pico/pico-sdk/src/rp2_common/hardware_watchdog/watchdog.c.obj
 .ARM.attributes
                0x00000300       0x2c CMakeFiles/stackcalcpi.dir/home/max/projects/pico/pico-sdk/src/rp2_common/hardware_xosc/xosc.c.obj
 .ARM.attributes
                0x0000032c       0x2c CMakeFiles/stackcalcpi.dir/home/max/projects/pico/pico-sdk/src/rp2_common/pico_runtime/runtime.c.obj
 .ARM.attributes
                0x00000358       0x2c CMakeFiles/stackcalcpi.dir/home/max/projects/pico/pico-sdk/src/rp2_common/pico_printf/printf.c.obj
 .ARM.attributes
                0x00000384       0x22 CMakeFiles/stackcalcpi.dir/home/max/projects/pico/pico-sdk/src/rp2_common/pico_bit_ops/bit_ops_aeabi.S.obj
 .ARM.attributes
                0x000003a6       0x2c CMakeFiles/stackcalcpi.dir/home/max/projects/pico/pico-sdk/src/rp2_common/pico_bootrom/bootrom.c.obj
 .ARM.attributes
                0x000003d2       0x22 CMakeFiles/stackcalcpi.dir/home/max/projects/pico/pico-sdk/src/rp2_common/pico_divider/divider.S.obj
 .ARM.attributes
                0x000003f4       0x22 CMakeFiles/stackcalcpi.dir/home/max/projects/pico/pico-sdk/src/rp2_common/pico_double/double_aeabi.S.obj
 .ARM.attributes
                0x00000416       0x2c CMakeFiles/stackcalcpi.dir/home/max/projects/pico/pico-sdk/src/rp2_common/pico_double/double_init_rom.c.obj
 .ARM.attributes
                0x00000442       0x22 CMakeFiles/stackcalcpi.dir/home/max/projects/pico/pico-sdk/src/rp2_common/pico_double/double_v1_rom_shim.S.obj
 .ARM.attributes
                0x00000464       0x22 CMakeFiles/stackcalcpi.dir/home/max/projects/pico/pico-sdk/src/rp2_common/pico_int64_ops/pico_int64_ops_aeabi.S.obj
 .ARM.attributes
                0x00000486       0x22 CMakeFiles/stackcalcpi.dir/home/max/projects/pico/pico-sdk/src/rp2_common/pico_float/float_aeabi.S.obj
 .ARM.attributes
                0x000004a8       0x2c CMakeFiles/stackcalcpi.dir/home/max/projects/pico/pico-sdk/src/rp2_common/pico_float/float_init_rom.c.obj
 .ARM.attributes
                0x000004d4       0x22 CMakeFiles/stackcalcpi.dir/home/max/projects/pico/pico-sdk/src/rp2_common/pico_float/float_v1_rom_shim.S.obj
 .ARM.attributes
                0x000004f6       0x22 CMakeFiles/stackcalcpi.dir/home/max/projects/pico/pico-sdk/src/rp2_common/pico_mem_ops/mem_ops_aeabi.S.obj
 .ARM.attributes
                0x00000518       0x22 CMakeFiles/stackcalcpi.dir/home/max/projects/pico/pico-sdk/src/rp2_common/pico_standard_link/crt0.S.obj
 .ARM.attributes
                0x0000053a       0x2c CMakeFiles/stackcalcpi.dir/home/max/projects/pico/pico-sdk/src/rp2_common/pico_standard_link/binary_info.c.obj
 .ARM.attributes
                0x00000566       0x2c CMakeFiles/stackcalcpi.dir/home/max/projects/pico/pico-sdk/src/rp2_common/pico_stdio/stdio.c.obj
 .ARM.attributes
                0x00000592       0x2c CMakeFiles/stackcalcpi.dir/home/max/projects/pico/pico-sdk/src/rp2_common/pico_stdio_uart/stdio_uart.c.obj
 .ARM.attributes
                0x000005be       0x22 /tmp/cc9bFg9R.o
 .ARM.attributes
                0x000005e0       0x1e /usr/bin/../lib/gcc/arm-none-eabi/13.3.1/thumb/v6-m/nofp/libgcc.a(_dvmd_tls.o)
 .ARM.attributes
                0x000005fe       0x2c /usr/bin/../lib/gcc/arm-none-eabi/13.3.1/../../../../arm-none-eabi/lib/thumb/v6-m/nofp/libg.a(libc_a-strlen-stub.o)
 .ARM.attributes
                0x0000062a       0x2c /usr/bin/../lib/gcc/arm-none-eabi/13.3.1/thumb/v6-m/nofp/crtend.o

.comment        0x00000000       0x45
 .comment       0x00000000       0x45 CMakeFiles/stackcalcpi.dir/stackcalcpi.c.obj
                                 0x46 (size before relaxing)
 .comment       0x00000045       0x46 CMakeFiles/stackcalcpi.dir/home/max/projects/pico/pico-sdk/src/rp2_common/hardware_gpio/gpio.c.obj
 .comment       0x00000045       0x46 CMakeFiles/stackcalcpi.dir/home/max/projects/pico/pico-sdk/src/rp2_common/pico_platform/platform.c.obj
 .comment       0x00000045       0x46 CMakeFiles/stackcalcpi.dir/home/max/projects/pico/pico-sdk/src/rp2_common/hardware_claim/claim.c.obj
 .comment       0x00000045       0x46 CMakeFiles/stackcalcpi.dir/home/max/projects/pico/pico-sdk/src/rp2_common/hardware_sync/sync.c.obj
 .comment       0x00000045       0x46 CMakeFiles/stackcalcpi.dir/home/max/projects/pico/pico-sdk/src/rp2_common/hardware_irq/irq.c.obj
 .comment       0x00000045       0x46 CMakeFiles/stackcalcpi.dir/home/max/projects/pico/pico-sdk/src/common/pico_sync/lock_core.c.obj
 .comment       0x00000045       0x46 CMakeFiles/stackcalcpi.dir/home/max/projects/pico/pico-sdk/src/common/pico_sync/mutex.c.obj
 .comment       0x00000045       0x46 CMakeFiles/stackcalcpi.dir/home/max/projects/pico/pico-sdk/src/common/pico_time/time.c.obj
 .comment       0x00000045       0x46 CMakeFiles/stackcalcpi.dir/home/max/projects/pico/pico-sdk/src/rp2_common/hardware_timer/timer.c.obj
 .comment       0x00000045       0x46 CMakeFiles/stackcalcpi.dir/home/max/projects/pico/pico-sdk/src/common/pico_util/pheap.c.obj
 .comment       0x00000045       0x46 CMakeFiles/stackcalcpi.dir/home/max/projects/pico/pico-sdk/src/rp2_common/hardware_uart/uart.c.obj
 .comment       0x00000045       0x46 CMakeFiles/stackcalcpi.dir/home/max/projects/pico/pico-sdk/src/rp2_common/hardware_clocks/clocks.c.obj
 .comment       0x00000045       0x46 CMakeFiles/stackcalcpi.dir/home/max/projects/pico/pico-sdk/src/rp2_common/hardware_pll/pll.c.obj
 .comment       0x00000045       0x46 CMakeFiles/stackcalcpi.dir/home/max/projects/pico/pico-sdk/src/rp2_common/hardware_watchdog/watchdog.c.obj
 .comment       0x00000045       0x46 CMakeFiles/stackcalcpi.dir/home/max/projects/pico/pico-sdk/src/rp2_common/hardware_xosc/xosc.c.obj
 .comment       0x00000045       0x46 CMakeFiles/stackcalcpi.dir/home/max/projects/pico/pico-sdk/src/rp2_common/pico_runtime/runtime.c.obj
 .comment       0x00000045       0x46 CMakeFiles/stackcalcpi.dir/home/max/projects/pico/pico-sdk/src/rp2_common/pico_printf/printf.c.obj
 .comment       0x00000045       0x46 CMakeFiles/stackcalcpi.dir/home/max/projects/pico/pico-sdk/src/rp2_common/pico_bootrom/bootrom.c.obj
 .comment       0x00000045       0x46 CMakeFiles/stackcalcpi.dir/home/max/projects/pico/pico-sdk/src/rp2_common/pico_double/double_init_rom.c.obj
 .comment       0x00000045       0x46 CMakeFiles/stackcalcpi.dir/home/max/projects/pico/pico-sdk/src/rp2_common/pico_float/float_init_rom.c.obj
 .comment       0x00000045       0x46 CMakeFiles/stackcalcpi.dir/home/max/projects/pico/pico-sdk/src/rp2_common/pico_standard_link/binary_info.c.obj
 .comment       0x00000045       0x46 CMakeFiles/stackcalcpi.dir/home/max/projects/pico/pico-sdk/src/rp2_common/pico_stdio/stdio.c.obj
 .comment       0x00000045       0x46 CMakeFiles/stackcalcpi.dir/home/max/projects/pico/pico-sdk/src/rp2_common/pico_stdio_uart/stdio_uart.c.obj

.debug_info     0x00000000    0x1605b
 .debug_info    0x00000000     0x202a CMakeFiles/stackcalcpi.dir/stackcalcpi.c.obj
 .debug_info    0x0000202a     0x184b CMakeFiles/stackcalcpi.dir/home/max/projects/pico/pico-sdk/src/rp2_common/hardware_gpio/gpio.c.obj
 .debug_info    0x00003875      0x1fb CMakeFiles/stackcalcpi.dir/home/max/projects/pico/pico-sdk/src/rp2_common/pico_platform/platform.c.obj
 .debug_info    0x00003a70      0x69a CMakeFiles/stackcalcpi.dir/home/max/projects/pico/pico-sdk/src/rp2_common/hardware_claim/claim.c.obj
 .debug_info    0x0000410a      0x5fa CMakeFiles/stackcalcpi.dir/home/max/projects/pico/pico-sdk/src/rp2_common/hardware_sync/sync.c.obj
 .debug_info    0x00004704     0x1c43 CMakeFiles/stackcalcpi.dir/home/max/projects/pico/pico-sdk/src/rp2_common/hardware_irq/irq.c.obj
 .debug_info    0x00006347      0x1a3 CMakeFiles/stackcalcpi.dir/home/max/projects/pico/pico-sdk/src/common/pico_sync/lock_core.c.obj
 .debug_info    0x000064ea     0x1d29 CMakeFiles/stackcalcpi.dir/home/max/projects/pico/pico-sdk/src/common/pico_sync/mutex.c.obj
 .debug_info    0x00008213     0x33f9 CMakeFiles/stackcalcpi.dir/home/max/projects/pico/pico-sdk/src/common/pico_time/time.c.obj
 .debug_info    0x0000b60c     0x145b CMakeFiles/stackcalcpi.dir/home/max/projects/pico/pico-sdk/src/rp2_common/hardware_timer/timer.c.obj
 .debug_info    0x0000ca67      0xe82 CMakeFiles/stackcalcpi.dir/home/max/projects/pico/pico-sdk/src/common/pico_util/pheap.c.obj
 .debug_info    0x0000d8e9      0xd98 CMakeFiles/stackcalcpi.dir/home/max/projects/pico/pico-sdk/src/rp2_common/hardware_uart/uart.c.obj
 .debug_info    0x0000e681      0xfe7 CMakeFiles/stackcalcpi.dir/home/max/projects/pico/pico-sdk/src/rp2_common/hardware_clocks/clocks.c.obj
 .debug_info    0x0000f668      0x505 CMakeFiles/stackcalcpi.dir/home/max/projects/pico/pico-sdk/src/rp2_common/hardware_pll/pll.c.obj
 .debug_info    0x0000fb6d      0x4d8 CMakeFiles/stackcalcpi.dir/home/max/projects/pico/pico-sdk/src/rp2_common/hardware_watchdog/watchdog.c.obj
 .debug_info    0x00010045      0x1c7 CMakeFiles/stackcalcpi.dir/home/max/projects/pico/pico-sdk/src/rp2_common/hardware_xosc/xosc.c.obj
 .debug_info    0x0001020c      0xf23 CMakeFiles/stackcalcpi.dir/home/max/projects/pico/pico-sdk/src/rp2_common/pico_runtime/runtime.c.obj
 .debug_info    0x0001112f     0x19db CMakeFiles/stackcalcpi.dir/home/max/projects/pico/pico-sdk/src/rp2_common/pico_printf/printf.c.obj
 .debug_info    0x00012b0a       0x23 CMakeFiles/stackcalcpi.dir/home/max/projects/pico/pico-sdk/src/rp2_common/pico_bit_ops/bit_ops_aeabi.S.obj
 .debug_info    0x00012b2d      0x331 CMakeFiles/stackcalcpi.dir/home/max/projects/pico/pico-sdk/src/rp2_common/pico_bootrom/bootrom.c.obj
 .debug_info    0x00012e5e       0x23 CMakeFiles/stackcalcpi.dir/home/max/projects/pico/pico-sdk/src/rp2_common/pico_divider/divider.S.obj
 .debug_info    0x00012e81       0x23 CMakeFiles/stackcalcpi.dir/home/max/projects/pico/pico-sdk/src/rp2_common/pico_double/double_aeabi.S.obj
 .debug_info    0x00012ea4      0x33b CMakeFiles/stackcalcpi.dir/home/max/projects/pico/pico-sdk/src/rp2_common/pico_double/double_init_rom.c.obj
 .debug_info    0x000131df       0x23 CMakeFiles/stackcalcpi.dir/home/max/projects/pico/pico-sdk/src/rp2_common/pico_double/double_v1_rom_shim.S.obj
 .debug_info    0x00013202       0x24 CMakeFiles/stackcalcpi.dir/home/max/projects/pico/pico-sdk/src/rp2_common/pico_int64_ops/pico_int64_ops_aeabi.S.obj
 .debug_info    0x00013226       0x23 CMakeFiles/stackcalcpi.dir/home/max/projects/pico/pico-sdk/src/rp2_common/pico_float/float_aeabi.S.obj
 .debug_info    0x00013249      0x34f CMakeFiles/stackcalcpi.dir/home/max/projects/pico/pico-sdk/src/rp2_common/pico_float/float_init_rom.c.obj
 .debug_info    0x00013598       0x23 CMakeFiles/stackcalcpi.dir/home/max/projects/pico/pico-sdk/src/rp2_common/pico_float/float_v1_rom_shim.S.obj
 .debug_info    0x000135bb       0x23 CMakeFiles/stackcalcpi.dir/home/max/projects/pico/pico-sdk/src/rp2_common/pico_mem_ops/mem_ops_aeabi.S.obj
 .debug_info    0x000135de       0x23 CMakeFiles/stackcalcpi.dir/home/max/projects/pico/pico-sdk/src/rp2_common/pico_standard_link/crt0.S.obj
 .debug_info    0x00013601      0x2e2 CMakeFiles/stackcalcpi.dir/home/max/projects/pico/pico-sdk/src/rp2_common/pico_standard_link/binary_info.c.obj
 .debug_info    0x000138e3     0x1743 CMakeFiles/stackcalcpi.dir/home/max/projects/pico/pico-sdk/src/rp2_common/pico_stdio/stdio.c.obj
 .debug_info    0x00015026     0x1035 CMakeFiles/stackcalcpi.dir/home/max/projects/pico/pico-sdk/src/rp2_common/pico_stdio_uart/stdio_uart.c.obj

.debug_abbrev   0x00000000     0x46a3
 .debug_abbrev  0x00000000      0x2a7 CMakeFiles/stackcalcpi.dir/stackcalcpi.c.obj
 .debug_abbrev  0x000002a7      0x3a6 CMakeFiles/stackcalcpi.dir/home/max/projects/pico/pico-sdk/src/rp2_common/hardware_gpio/gpio.c.obj
 .debug_abbrev  0x0000064d       0xf8 CMakeFiles/stackcalcpi.dir/home/max/projects/pico/pico-sdk/src/rp2_common/pico_platform/platform.c.obj
 .debug_abbrev  0x00000745      0x2ce CMakeFiles/stackcalcpi.dir/home/max/projects/pico/pico-sdk/src/rp2_common/hardware_claim/claim.c.obj
 .debug_abbrev  0x00000a13      0x249 CMakeFiles/stackcalcpi.dir/home/max/projects/pico/pico-sdk/src/rp2_common/hardware_sync/sync.c.obj
 .debug_abbrev  0x00000c5c      0x500 CMakeFiles/stackcalcpi.dir/home/max/projects/pico/pico-sdk/src/rp2_common/hardware_irq/irq.c.obj
 .debug_abbrev  0x0000115c      0x116 CMakeFiles/stackcalcpi.dir/home/max/projects/pico/pico-sdk/src/common/pico_sync/lock_core.c.obj
 .debug_abbrev  0x00001272      0x3f1 CMakeFiles/stackcalcpi.dir/home/max/projects/pico/pico-sdk/src/common/pico_sync/mutex.c.obj
 .debug_abbrev  0x00001663      0x5c3 CMakeFiles/stackcalcpi.dir/home/max/projects/pico/pico-sdk/src/common/pico_time/time.c.obj
 .debug_abbrev  0x00001c26      0x3d5 CMakeFiles/stackcalcpi.dir/home/max/projects/pico/pico-sdk/src/rp2_common/hardware_timer/timer.c.obj
 .debug_abbrev  0x00001ffb      0x290 CMakeFiles/stackcalcpi.dir/home/max/projects/pico/pico-sdk/src/common/pico_util/pheap.c.obj
 .debug_abbrev  0x0000228b      0x349 CMakeFiles/stackcalcpi.dir/home/max/projects/pico/pico-sdk/src/rp2_common/hardware_uart/uart.c.obj
 .debug_abbrev  0x000025d4      0x434 CMakeFiles/stackcalcpi.dir/home/max/projects/pico/pico-sdk/src/rp2_common/hardware_clocks/clocks.c.obj
 .debug_abbrev  0x00002a08      0x1e7 CMakeFiles/stackcalcpi.dir/home/max/projects/pico/pico-sdk/src/rp2_common/hardware_pll/pll.c.obj
 .debug_abbrev  0x00002bef      0x1a8 CMakeFiles/stackcalcpi.dir/home/max/projects/pico/pico-sdk/src/rp2_common/hardware_watchdog/watchdog.c.obj
 .debug_abbrev  0x00002d97      0x10c CMakeFiles/stackcalcpi.dir/home/max/projects/pico/pico-sdk/src/rp2_common/hardware_xosc/xosc.c.obj
 .debug_abbrev  0x00002ea3      0x530 CMakeFiles/stackcalcpi.dir/home/max/projects/pico/pico-sdk/src/rp2_common/pico_runtime/runtime.c.obj
 .debug_abbrev  0x000033d3      0x371 CMakeFiles/stackcalcpi.dir/home/max/projects/pico/pico-sdk/src/rp2_common/pico_printf/printf.c.obj
 .debug_abbrev  0x00003744       0x12 CMakeFiles/stackcalcpi.dir/home/max/projects/pico/pico-sdk/src/rp2_common/pico_bit_ops/bit_ops_aeabi.S.obj
 .debug_abbrev  0x00003756      0x167 CMakeFiles/stackcalcpi.dir/home/max/projects/pico/pico-sdk/src/rp2_common/pico_bootrom/bootrom.c.obj
 .debug_abbrev  0x000038bd       0x12 CMakeFiles/stackcalcpi.dir/home/max/projects/pico/pico-sdk/src/rp2_common/pico_divider/divider.S.obj
 .debug_abbrev  0x000038cf       0x12 CMakeFiles/stackcalcpi.dir/home/max/projects/pico/pico-sdk/src/rp2_common/pico_double/double_aeabi.S.obj
 .debug_abbrev  0x000038e1      0x1c3 CMakeFiles/stackcalcpi.dir/home/max/projects/pico/pico-sdk/src/rp2_common/pico_double/double_init_rom.c.obj
 .debug_abbrev  0x00003aa4       0x12 CMakeFiles/stackcalcpi.dir/home/max/projects/pico/pico-sdk/src/rp2_common/pico_double/double_v1_rom_shim.S.obj
 .debug_abbrev  0x00003ab6       0x14 CMakeFiles/stackcalcpi.dir/home/max/projects/pico/pico-sdk/src/rp2_common/pico_int64_ops/pico_int64_ops_aeabi.S.obj
 .debug_abbrev  0x00003aca       0x12 CMakeFiles/stackcalcpi.dir/home/max/projects/pico/pico-sdk/src/rp2_common/pico_float/float_aeabi.S.obj
 .debug_abbrev  0x00003adc      0x1c6 CMakeFiles/stackcalcpi.dir/home/max/projects/pico/pico-sdk/src/rp2_common/pico_float/float_init_rom.c.obj
 .debug_abbrev  0x00003ca2       0x12 CMakeFiles/stackcalcpi.dir/home/max/projects/pico/pico-sdk/src/rp2_common/pico_float/float_v1_rom_shim.S.obj
 .debug_abbrev  0x00003cb4       0x12 CMakeFiles/stackcalcpi.dir/home/max/projects/pico/pico-sdk/src/rp2_common/pico_mem_ops/mem_ops_aeabi.S.obj
 .debug_abbrev  0x00003cc6       0x12 CMakeFiles/stackcalcpi.dir/home/max/projects/pico/pico-sdk/src/rp2_common/pico_standard_link/crt0.S.obj
 .debug_abbrev  0x00003cd8       0xb8 CMakeFiles/stackcalcpi.dir/home/max/projects/pico/pico-sdk/src/rp2_common/pico_standard_link/binary_info.c.obj
 .debug_abbrev  0x00003d90      0x47a CMakeFiles/stackcalcpi.dir/home/max/projects/pico/pico-sdk/src/rp2_common/pico_stdio/stdio.c.obj
 .debug_abbrev  0x0000420a      0x499 CMakeFiles/stackcalcpi.dir/home/max/projects/pico/pico-sdk/src/rp2_common/pico_stdio_uart/stdio_uart.c.obj

.debug_loclists
                0x00000000     0x965d
 .debug_loclists
                0x00000000     0x10cc CMakeFiles/stackcalcpi.dir/stackcalcpi.c.obj
 .debug_loclists
                0x000010cc      0xb61 CMakeFiles/stackcalcpi.dir/home/max/projects/pico/pico-sdk/src/rp2_common/hardware_gpio/gpio.c.obj
 .debug_loclists
                0x00001c2d       0xad CMakeFiles/stackcalcpi.dir/home/max/projects/pico/pico-sdk/src/rp2_common/pico_platform/platform.c.obj
 .debug_loclists
                0x00001cda      0x2af CMakeFiles/stackcalcpi.dir/home/max/projects/pico/pico-sdk/src/rp2_common/hardware_claim/claim.c.obj
 .debug_loclists
                0x00001f89      0x182 CMakeFiles/stackcalcpi.dir/home/max/projects/pico/pico-sdk/src/rp2_common/hardware_sync/sync.c.obj
 .debug_loclists
                0x0000210b      0xdb7 CMakeFiles/stackcalcpi.dir/home/max/projects/pico/pico-sdk/src/rp2_common/hardware_irq/irq.c.obj
 .debug_loclists
                0x00002ec2       0x50 CMakeFiles/stackcalcpi.dir/home/max/projects/pico/pico-sdk/src/common/pico_sync/lock_core.c.obj
 .debug_loclists
                0x00002f12      0xa5b CMakeFiles/stackcalcpi.dir/home/max/projects/pico/pico-sdk/src/common/pico_sync/mutex.c.obj
 .debug_loclists
                0x0000396d     0x146a CMakeFiles/stackcalcpi.dir/home/max/projects/pico/pico-sdk/src/common/pico_time/time.c.obj
 .debug_loclists